Archive member included to satisfy reference by file (symbol)

C:\Users\Admin\Downloads\SDK_1.0.3_NUCLEO-F401RE\SDK_1.0.3_NUCLEO-F401RE\lib_stm\libLibraries.a(system_stm32f4xx.o)
                              ./Src/main.o (SystemCoreClockUpdate)
C:\Users\Admin\Downloads\SDK_1.0.3_NUCLEO-F401RE\SDK_1.0.3_NUCLEO-F401RE\lib_stm\libLibraries.a(eventbutton.o)
                              ./Src/main.o (EventButton_Init)
C:\Users\Admin\Downloads\SDK_1.0.3_NUCLEO-F401RE\SDK_1.0.3_NUCLEO-F401RE\lib_stm\libLibraries.a(buzzer.o)
                              ./Src/main.o (BuzzerControl_Init)
C:\Users\Admin\Downloads\SDK_1.0.3_NUCLEO-F401RE\SDK_1.0.3_NUCLEO-F401RE\lib_stm\libLibraries.a(melody.o)
                              ./Src/main.o (pbeep)
C:\Users\Admin\Downloads\SDK_1.0.3_NUCLEO-F401RE\SDK_1.0.3_NUCLEO-F401RE\lib_stm\libLibraries.a(led.o)
                              ./Src/main.o (LedControl_Init)
C:\Users\Admin\Downloads\SDK_1.0.3_NUCLEO-F401RE\SDK_1.0.3_NUCLEO-F401RE\lib_stm\libLibraries.a(eventman.o)
                              ./Src/main.o (EventSchedulerInit)
C:\Users\Admin\Downloads\SDK_1.0.3_NUCLEO-F401RE\SDK_1.0.3_NUCLEO-F401RE\lib_stm\libLibraries.a(timer.o)
                              ./Src/main.o (TimerInit)
C:\Users\Admin\Downloads\SDK_1.0.3_NUCLEO-F401RE\SDK_1.0.3_NUCLEO-F401RE\lib_stm\libLibraries.a(lightsensor.o)
                              ./Src/main.o (LightSensor_Init)
C:\Users\Admin\Downloads\SDK_1.0.3_NUCLEO-F401RE\SDK_1.0.3_NUCLEO-F401RE\lib_stm\libLibraries.a(temhumsensor.o)
                              ./Src/main.o (TemHumSensor_Init)
C:\Users\Admin\Downloads\SDK_1.0.3_NUCLEO-F401RE\SDK_1.0.3_NUCLEO-F401RE\lib_stm\libLibraries.a(serial.o)
                              C:\Users\Admin\Downloads\SDK_1.0.3_NUCLEO-F401RE\SDK_1.0.3_NUCLEO-F401RE\lib_stm\libLibraries.a(eventbutton.o) (Serial_SendPacket)
C:\Users\Admin\Downloads\SDK_1.0.3_NUCLEO-F401RE\SDK_1.0.3_NUCLEO-F401RE\lib_stm\libLibraries.a(Ucglib.o)
                              ./Src/main.o (Ucglib4WireSWSPI_begin)
C:\Users\Admin\Downloads\SDK_1.0.3_NUCLEO-F401RE\SDK_1.0.3_NUCLEO-F401RE\lib_stm\libLibraries.a(ucg_box.o)
                              ./Src/main.o (ucg_ClearScreen)
C:\Users\Admin\Downloads\SDK_1.0.3_NUCLEO-F401RE\SDK_1.0.3_NUCLEO-F401RE\lib_stm\libLibraries.a(ucg_ccs.o)
                              C:\Users\Admin\Downloads\SDK_1.0.3_NUCLEO-F401RE\SDK_1.0.3_NUCLEO-F401RE\lib_stm\libLibraries.a(ucg_box.o) (ucg_ccs_init)
C:\Users\Admin\Downloads\SDK_1.0.3_NUCLEO-F401RE\SDK_1.0.3_NUCLEO-F401RE\lib_stm\libLibraries.a(ucg_circle.o)
                              C:\Users\Admin\Downloads\SDK_1.0.3_NUCLEO-F401RE\SDK_1.0.3_NUCLEO-F401RE\lib_stm\libLibraries.a(ucg_box.o) (ucg_DrawCircle)
C:\Users\Admin\Downloads\SDK_1.0.3_NUCLEO-F401RE\SDK_1.0.3_NUCLEO-F401RE\lib_stm\libLibraries.a(ucg_dev_default_cb.o)
                              C:\Users\Admin\Downloads\SDK_1.0.3_NUCLEO-F401RE\SDK_1.0.3_NUCLEO-F401RE\lib_stm\libLibraries.a(Ucglib.o) (ucg_dev_default_cb)
C:\Users\Admin\Downloads\SDK_1.0.3_NUCLEO-F401RE\SDK_1.0.3_NUCLEO-F401RE\lib_stm\libLibraries.a(ucg_dev_ic_st7735.o)
                              C:\Users\Admin\Downloads\SDK_1.0.3_NUCLEO-F401RE\SDK_1.0.3_NUCLEO-F401RE\lib_stm\libLibraries.a(Ucglib.o) (ucg_ext_st7735_18)
C:\Users\Admin\Downloads\SDK_1.0.3_NUCLEO-F401RE\SDK_1.0.3_NUCLEO-F401RE\lib_stm\libLibraries.a(ucg_dev_msg_api.o)
                              C:\Users\Admin\Downloads\SDK_1.0.3_NUCLEO-F401RE\SDK_1.0.3_NUCLEO-F401RE\lib_stm\libLibraries.a(ucg_box.o) (ucg_SetMaxClipRange)
C:\Users\Admin\Downloads\SDK_1.0.3_NUCLEO-F401RE\SDK_1.0.3_NUCLEO-F401RE\lib_stm\libLibraries.a(ucg_dev_tft_128x128_st7735.o)
                              C:\Users\Admin\Downloads\SDK_1.0.3_NUCLEO-F401RE\SDK_1.0.3_NUCLEO-F401RE\lib_stm\libLibraries.a(Ucglib.o) (ucg_dev_st7735_18x128x128)
C:\Users\Admin\Downloads\SDK_1.0.3_NUCLEO-F401RE\SDK_1.0.3_NUCLEO-F401RE\lib_stm\libLibraries.a(ucg_font.o)
                              C:\Users\Admin\Downloads\SDK_1.0.3_NUCLEO-F401RE\SDK_1.0.3_NUCLEO-F401RE\lib_stm\libLibraries.a(Ucglib.o) (ucg_SetFontMode)
C:\Users\Admin\Downloads\SDK_1.0.3_NUCLEO-F401RE\SDK_1.0.3_NUCLEO-F401RE\lib_stm\libLibraries.a(ucg_init.o)
                              C:\Users\Admin\Downloads\SDK_1.0.3_NUCLEO-F401RE\SDK_1.0.3_NUCLEO-F401RE\lib_stm\libLibraries.a(Ucglib.o) (ucg_Init)
C:\Users\Admin\Downloads\SDK_1.0.3_NUCLEO-F401RE\SDK_1.0.3_NUCLEO-F401RE\lib_stm\libLibraries.a(ucg_line.o)
                              C:\Users\Admin\Downloads\SDK_1.0.3_NUCLEO-F401RE\SDK_1.0.3_NUCLEO-F401RE\lib_stm\libLibraries.a(ucg_font.o) (ucg_Draw90Line)
C:\Users\Admin\Downloads\SDK_1.0.3_NUCLEO-F401RE\SDK_1.0.3_NUCLEO-F401RE\lib_stm\libLibraries.a(ucg_pixel.o)
                              ./Src/main.o (ucg_SetColor)
C:\Users\Admin\Downloads\SDK_1.0.3_NUCLEO-F401RE\SDK_1.0.3_NUCLEO-F401RE\lib_stm\libLibraries.a(ucg_pixel_font_data.o)
                              ./Src/main.o (ucg_font_helvR08_tf)
[...]
Memory Configuration

Name             Origin             Length             Attributes
RAM              0x0000000020000000 0x0000000000018000 xrw
FLASH            0x0000000008000000 0x0000000000080000 xr
*default*        0x0000000000000000 0xffffffffffffffff

Linker script and memory map

LOAD C:/ST/STM32CubeIDE_1.13.1/STM32CubeIDE/plugins/com.st.stm32cube.ide.mcu.externaltools.gnu-tools-for-stm32.11.3.rel1.win32_1.1.0.202305231506/tools/bin/../lib/gcc/arm-none-eabi/11.3.1/thumb/v7e-m+fp/hard/crti.o
LOAD C:/ST/STM32CubeIDE_1.13.1/STM32CubeIDE/plugins/com.st.stm32cube.ide.mcu.externaltools.gnu-tools-for-stm32.11.3.rel1.win32_1.1.0.202305231506/tools/bin/../lib/gcc/arm-none-eabi/11.3.1/thumb/v7e-m+fp/hard/crtbegin.o
LOAD C:/ST/STM32CubeIDE_1.13.1/STM32CubeIDE/plugins/com.st.stm32cube.ide.mcu.externaltools.gnu-tools-for-stm32.11.3.rel1.win32_1.1.0.202305231506/tools/bin/../lib/gcc/arm-none-eabi/11.3.1/../../../../arm-none-eabi/lib/thumb/v7e-m+fp/hard/crt0.o
LOAD ./Src/main.o
LOAD ./Src/syscalls.o
LOAD ./Src/sysmem.o
LOAD ./Startup/startup_stm32f401retx.o
LOAD C:\Users\Admin\Downloads\SDK_1.0.3_NUCLEO-F401RE\SDK_1.0.3_NUCLEO-F401RE\lib_stm\libLibraries.a
START GROUP
LOAD C:/ST/STM32CubeIDE_1.13.1/STM32CubeIDE/plugins/com.st.stm32cube.ide.mcu.externaltools.gnu-tools-for-stm32.11.3.rel1.win32_1.1.0.202305231506/tools/bin/../lib/gcc/arm-none-eabi/11.3.1/../../../../arm-none-eabi/lib/thumb/v7e-m+fp/hard\libc_nano.a
LOAD C:/ST/STM32CubeIDE_1.13.1/STM32CubeIDE/plugins/com.st.stm32cube.ide.mcu.externaltools.gnu-tools-for-stm32.11.3.rel1.win32_1.1.0.202305231506/tools/bin/../lib/gcc/arm-none-eabi/11.3.1/../../../../arm-none-eabi/lib/thumb/v7e-m+fp/hard\libm.a
END GROUP
START GROUP
LOAD C:/ST/STM32CubeIDE_1.13.1/STM32CubeIDE/plugins/com.st.stm32cube.ide.mcu.externaltools.gnu-tools-for-stm32.11.3.rel1.win32_1.1.0.202305231506/tools/bin/../lib/gcc/arm-none-eabi/11.3.1/thumb/v7e-m+fp/hard\libgcc.a
LOAD C:/ST/STM32CubeIDE_1.13.1/STM32CubeIDE/plugins/com.st.stm32cube.ide.mcu.externaltools.gnu-tools-for-stm32.11.3.rel1.win32_1.1.0.202305231506/tools/bin/../lib/gcc/arm-none-eabi/11.3.1/../../../../arm-none-eabi/lib/thumb/v7e-m+fp/hard\libc_nano.a
END GROUP
START GROUP
LOAD C:/ST/STM32CubeIDE_1.13.1/STM32CubeIDE/plugins/com.st.stm32cube.ide.mcu.externaltools.gnu-tools-for-stm32.11.3.rel1.win32_1.1.0.202305231506/tools/bin/../lib/gcc/arm-none-eabi/11.3.1/thumb/v7e-m+fp/hard\libgcc.a
LOAD C:/ST/STM32CubeIDE_1.13.1/STM32CubeIDE/plugins/com.st.stm32cube.ide.mcu.externaltools.gnu-tools-for-stm32.11.3.rel1.win32_1.1.0.202305231506/tools/bin/../lib/gcc/arm-none-eabi/11.3.1/../../../../arm-none-eabi/lib/thumb/v7e-m+fp/hard\libc_nano.a
LOAD C:/ST/STM32CubeIDE_1.13.1/STM32CubeIDE/plugins/com.st.stm32cube.ide.mcu.externaltools.gnu-tools-for-stm32.11.3.rel1.win32_1.1.0.202305231506/tools/bin/../lib/gcc/arm-none-eabi/11.3.1/../../../../arm-none-eabi/lib/thumb/v7e-m+fp/hard\libnosys.a
END GROUP
START GROUP
LOAD C:/ST/STM32CubeIDE_1.13.1/STM32CubeIDE/plugins/com.st.stm32cube.ide.mcu.externaltools.gnu-tools-for-stm32.11.3.rel1.win32_1.1.0.202305231506/tools/bin/../lib/gcc/arm-none-eabi/11.3.1/thumb/v7e-m+fp/hard\libgcc.a
LOAD C:/ST/STM32CubeIDE_1.13.1/STM32CubeIDE/plugins/com.st.stm32cube.ide.mcu.externaltools.gnu-tools-for-stm32.11.3.rel1.win32_1.1.0.202305231506/tools/bin/../lib/gcc/arm-none-eabi/11.3.1/../../../../arm-none-eabi/lib/thumb/v7e-m+fp/hard\libc_nano.a
LOAD C:/ST/STM32CubeIDE_1.13.1/STM32CubeIDE/plugins/com.st.stm32cube.ide.mcu.externaltools.gnu-tools-for-stm32.11.3.rel1.win32_1.1.0.202305231506/tools/bin/../lib/gcc/arm-none-eabi/11.3.1/../../../../arm-none-eabi/lib/thumb/v7e-m+fp/hard\libnosys.a
END GROUP
LOAD C:/ST/STM32CubeIDE_1.13.1/STM32CubeIDE/plugins/com.st.stm32cube.ide.mcu.externaltools.gnu-tools-for-stm32.11.3.rel1.win32_1.1.0.202305231506/tools/bin/../lib/gcc/arm-none-eabi/11.3.1/thumb/v7e-m+fp/hard/crtend.o
LOAD C:/ST/STM32CubeIDE_1.13.1/STM32CubeIDE/plugins/com.st.stm32cube.ide.mcu.externaltools.gnu-tools-for-stm32.11.3.rel1.win32_1.1.0.202305231506/tools/bin/../lib/gcc/arm-none-eabi/11.3.1/thumb/v7e-m+fp/hard/crtn.o
                0x0000000020018000                _estack = (ORIGIN (RAM) + LENGTH (RAM))
                0x0000000000000200                _Min_Heap_Size = 0x200
                0x0000000000000400                _Min_Stack_Size = 0x400

.isr_vector     0x0000000008000000      0x194
                0x0000000008000000                . = ALIGN (0x4)
 *(.isr_vector)
 .isr_vector    0x0000000008000000      0x194 ./Startup/startup_stm32f401retx.o
                0x0000000008000000                g_pfnVectors
                0x0000000008000194                . = ALIGN (0x4)

.text           0x0000000008000194     0x5518
                0x0000000008000194                . = ALIGN (0x4)
 *(.text)
 .text          0x0000000008000194       0x40 C:/ST/STM32CubeIDE_1.13.1/STM32CubeIDE/plugins/com.st.stm32cube.ide.mcu.externaltools.gnu-tools-for-stm32.11.3.rel1.win32_1.1.0.202305231506/tools/bin/../lib/gcc/arm-none-eabi/11.3.1/thumb/v7e-m+fp/hard/crtbegin.o
 *(.text*)
 .text.LedDown  0x00000000080001d4       0x38 ./Src/main.o
                0x00000000080001d4                LedDown
 .text.blinkLed
                0x000000000800020c       0x50 ./Src/main.o
                0x000000000800020c                blinkLed
 .text.SetStateApp
                0x000000000800025c       0x20 ./Src/main.o
 .text.GetStateApp
                0x000000000800027c       0x18 ./Src/main.o
 .text.LoadConfiguration
                0x0000000008000294       0x38 ./Src/main.o
 .text.DeviceStateMachine
                0x00000000080002cc      0x36c ./Src/main.o
                0x00000000080002cc                DeviceStateMachine
 .text.AppStateManager
                0x0000000008000638       0x50 ./Src/main.o
 .text.AppInitCommon
                0x0000000008000688       0x78 ./Src/main.o
 .text.main     0x0000000008000700       0x1e ./Src/main.o
                0x0000000008000700                main
 *fill*         0x000000000800071e        0x2 
 .text.Reset_Handler
                0x0000000008000720       0x50 ./Startup/startup_stm32f401retx.o
                0x0000000008000720                Reset_Handler
 .text.Default_Handler
                0x0000000008000770        0x2 ./Startup/startup_stm32f401retx.o
                0x0000000008000770                EXTI2_IRQHandler
                0x0000000008000770                DebugMon_Handler
                0x0000000008000770                SPI4_IRQHandler
                0x0000000008000770                TIM1_CC_IRQHandler
                0x0000000008000770                DMA2_Stream5_IRQHandler
                0x0000000008000770                HardFault_Handler
                0x0000000008000770                DMA1_Stream5_IRQHandler
                0x0000000008000770                SDIO_IRQHandler
                0x0000000008000770                TAMP_STAMP_IRQHandler
                0x0000000008000770                PendSV_Handler
                0x0000000008000770                NMI_Handler
                0x0000000008000770                EXTI3_IRQHandler
                0x0000000008000770                TIM1_UP_TIM10_IRQHandler
                0x0000000008000770                I2C3_ER_IRQHandler
                0x0000000008000770                EXTI18_OTG_FS_WKUP_IRQHandler
                0x0000000008000770                EXTI0_IRQHandler
                0x0000000008000770                I2C2_EV_IRQHandler
                0x0000000008000770                DMA1_Stream2_IRQHandler
                0x0000000008000770                UsageFault_Handler
                0x0000000008000770                DMA2_Stream2_IRQHandler
                0x0000000008000770                SPI1_IRQHandler
                0x0000000008000770                TIM1_BRK_TIM9_IRQHandler
                0x0000000008000770                DMA2_Stream3_IRQHandler
                0x0000000008000770                USART6_IRQHandler
                0x0000000008000770                DMA2_Stream0_IRQHandler
                0x0000000008000770                TIM4_IRQHandler
                0x0000000008000770                I2C1_EV_IRQHandler
                0x0000000008000770                DMA1_Stream6_IRQHandler
                0x0000000008000770                DMA1_Stream1_IRQHandler
                0x0000000008000770                TIM3_IRQHandler
                0x0000000008000770                RCC_IRQHandler
                0x0000000008000770                Default_Handler
                0x0000000008000770                EXTI15_10_IRQHandler
                0x0000000008000770                ADC_IRQHandler
                0x0000000008000770                DMA1_Stream7_IRQHandler
                0x0000000008000770                TIM5_IRQHandler
                0x0000000008000770                DMA2_Stream7_IRQHandler
                0x0000000008000770                I2C3_EV_IRQHandler
                0x0000000008000770                EXTI9_5_IRQHandler
                0x0000000008000770                SPI2_IRQHandler
                0x0000000008000770                MemManage_Handler
                0x0000000008000770                DMA1_Stream0_IRQHandler
                0x0000000008000770                SVC_Handler
                0x0000000008000770                EXTI4_IRQHandler
                0x0000000008000770                EXTI22_RTC_WKUP_IRQHandler
                0x0000000008000770                TIM2_IRQHandler
                0x0000000008000770                EXTI16_PVD_IRQHandler
                0x0000000008000770                TIM1_TRG_COM_TIM11_IRQHandler
                0x0000000008000770                EXTI1_IRQHandler
                0x0000000008000770                EXTI17_RTC_Alarm_IRQHandler
                0x0000000008000770                I2C2_ER_IRQHandler
                0x0000000008000770                DMA2_Stream1_IRQHandler
                0x0000000008000770                FLASH_IRQHandler
                0x0000000008000770                DMA2_Stream4_IRQHandler
                0x0000000008000770                BusFault_Handler
                0x0000000008000770                USART1_IRQHandler
                0x0000000008000770                OTG_FS_IRQHandler
                0x0000000008000770                SPI3_IRQHandler
                0x0000000008000770                DMA1_Stream4_IRQHandler
                0x0000000008000770                I2C1_ER_IRQHandler
                0x0000000008000770                DMA2_Stream6_IRQHandler
                0x0000000008000770                DMA1_Stream3_IRQHandler
 *fill*         0x0000000008000772        0x2 
 .text.SystemInit
                0x0000000008000774       0x6c C:\Users\Admin\Downloads\SDK_1.0.3_NUCLEO-F401RE\SDK_1.0.3_NUCLEO-F401RE\lib_stm\libLibraries.a(system_stm32f4xx.o)
                0x0000000008000774                SystemInit
 .text.SystemCoreClockUpdate
                0x00000000080007e0       0xf8 C:\Users\Admin\Downloads\SDK_1.0.3_NUCLEO-F401RE\SDK_1.0.3_NUCLEO-F401RE\lib_stm\libLibraries.a(system_stm32f4xx.o)
                0x00000000080007e0                SystemCoreClockUpdate
 .text.SetSysClock
                0x00000000080008d8       0xa0 C:\Users\Admin\Downloads\SDK_1.0.3_NUCLEO-F401RE\SDK_1.0.3_NUCLEO-F401RE\lib_stm\libLibraries.a(system_stm32f4xx.o)
 .text.EventButton_Init
                0x0000000008000978       0x6c C:\Users\Admin\Downloads\SDK_1.0.3_NUCLEO-F401RE\SDK_1.0.3_NUCLEO-F401RE\lib_stm\libLibraries.a(eventbutton.o)
                0x0000000008000978                EventButton_Init
 .text.ButtonProcessEventEdge
                0x00000000080009e4       0x34 C:\Users\Admin\Downloads\SDK_1.0.3_NUCLEO-F401RE\SDK_1.0.3_NUCLEO-F401RE\lib_stm\libLibraries.a(eventbutton.o)
 .text.ButtonProcessEventPress
                0x0000000008000a18       0x48 C:\Users\Admin\Downloads\SDK_1.0.3_NUCLEO-F401RE\SDK_1.0.3_NUCLEO-F401RE\lib_stm\libLibraries.a(eventbutton.o)
 .text.ButtonProcessEventHold
                0x0000000008000a60       0x5e C:\Users\Admin\Downloads\SDK_1.0.3_NUCLEO-F401RE\SDK_1.0.3_NUCLEO-F401RE\lib_stm\libLibraries.a(eventbutton.o)
 .text.ButtonProcessEventRelease
                0x0000000008000abe       0x5e C:\Users\Admin\Downloads\SDK_1.0.3_NUCLEO-F401RE\SDK_1.0.3_NUCLEO-F401RE\lib_stm\libLibraries.a(eventbutton.o)
 .text.BuzzerControl_Init
                0x0000000008000b1c       0x2c C:\Users\Admin\Downloads\SDK_1.0.3_NUCLEO-F401RE\SDK_1.0.3_NUCLEO-F401RE\lib_stm\libLibraries.a(buzzer.o)
                0x0000000008000b1c                BuzzerControl_Init
 .text.BuzzOff  0x0000000008000b48       0x58 C:\Users\Admin\Downloads\SDK_1.0.3_NUCLEO-F401RE\SDK_1.0.3_NUCLEO-F401RE\lib_stm\libLibraries.a(buzzer.o)
 .text.BuzzPlay
                0x0000000008000ba0       0x98 C:\Users\Admin\Downloads\SDK_1.0.3_NUCLEO-F401RE\SDK_1.0.3_NUCLEO-F401RE\lib_stm\libLibraries.a(buzzer.o)
 .text.BuzzerControl_SetMelody
                0x0000000008000c38       0x3c C:\Users\Admin\Downloads\SDK_1.0.3_NUCLEO-F401RE\SDK_1.0.3_NUCLEO-F401RE\lib_stm\libLibraries.a(buzzer.o)
                0x0000000008000c38                BuzzerControl_SetMelody
 .text.BUZZTIM_InitTimer
                0x0000000008000c74       0x50 C:\Users\Admin\Downloads\SDK_1.0.3_NUCLEO-F401RE\SDK_1.0.3_NUCLEO-F401RE\lib_stm\libLibraries.a(buzzer.o)
 .text.BUZZTIM_InitPWMChannel
                0x0000000008000cc4       0x90 C:\Users\Admin\Downloads\SDK_1.0.3_NUCLEO-F401RE\SDK_1.0.3_NUCLEO-F401RE\lib_stm\libLibraries.a(buzzer.o)
 .text.BuzzerControl_SetDutyCycle
                0x0000000008000d54       0x3c C:\Users\Admin\Downloads\SDK_1.0.3_NUCLEO-F401RE\SDK_1.0.3_NUCLEO-F401RE\lib_stm\libLibraries.a(buzzer.o)
                0x0000000008000d54                BuzzerControl_SetDutyCycle
 .text.BuzzerControl_SetPreriod
                0x0000000008000d90       0x20 C:\Users\Admin\Downloads\SDK_1.0.3_NUCLEO-F401RE\SDK_1.0.3_NUCLEO-F401RE\lib_stm\libLibraries.a(buzzer.o)
                0x0000000008000d90                BuzzerControl_SetPreriod
 .text.LedControl_Init
                0x0000000008000db0       0x10 C:\Users\Admin\Downloads\SDK_1.0.3_NUCLEO-F401RE\SDK_1.0.3_NUCLEO-F401RE\lib_stm\libLibraries.a(led.o)
                0x0000000008000db0                LedControl_Init
 .text.LedControl_SetColorIndividual
                0x0000000008000dc0       0xf8 C:\Users\Admin\Downloads\SDK_1.0.3_NUCLEO-F401RE\SDK_1.0.3_NUCLEO-F401RE\lib_stm\libLibraries.a(led.o)
                0x0000000008000dc0                LedControl_SetColorIndividual
 .text.LedControl_SetColorGeneral
                0x0000000008000eb8      0x128 C:\Users\Admin\Downloads\SDK_1.0.3_NUCLEO-F401RE\SDK_1.0.3_NUCLEO-F401RE\lib_stm\libLibraries.a(led.o)
                0x0000000008000eb8                LedControl_SetColorGeneral
 .text.LedControl_SetAllColor
                0x0000000008000fe0       0x36 C:\Users\Admin\Downloads\SDK_1.0.3_NUCLEO-F401RE\SDK_1.0.3_NUCLEO-F401RE\lib_stm\libLibraries.a(led.o)
                0x0000000008000fe0                LedControl_SetAllColor
 *fill*         0x0000000008001016        0x2 
 .text.LEDGPIO_Config
                0x0000000008001018       0x94 C:\Users\Admin\Downloads\SDK_1.0.3_NUCLEO-F401RE\SDK_1.0.3_NUCLEO-F401RE\lib_stm\libLibraries.a(led.o)
 .text.LEDTIM_Config
                0x00000000080010ac       0xec C:\Users\Admin\Downloads\SDK_1.0.3_NUCLEO-F401RE\SDK_1.0.3_NUCLEO-F401RE\lib_stm\libLibraries.a(led.o)
 .text.EventSchedulerInit
                0x0000000008001198       0x38 C:\Users\Admin\Downloads\SDK_1.0.3_NUCLEO-F401RE\SDK_1.0.3_NUCLEO-F401RE\lib_stm\libLibraries.a(eventman.o)
                0x0000000008001198                EventSchedulerInit
 .text.EventSchedulerAdd
                0x00000000080011d0       0x2c C:\Users\Admin\Downloads\SDK_1.0.3_NUCLEO-F401RE\SDK_1.0.3_NUCLEO-F401RE\lib_stm\libLibraries.a(eventman.o)
                0x00000000080011d0                EventSchedulerAdd
 .text.processEventScheduler
                0x00000000080011fc       0x38 C:\Users\Admin\Downloads\SDK_1.0.3_NUCLEO-F401RE\SDK_1.0.3_NUCLEO-F401RE\lib_stm\libLibraries.a(eventman.o)
                0x00000000080011fc                processEventScheduler
 .text.NVIC_SetPriority
                0x0000000008001234       0x54 C:\Users\Admin\Downloads\SDK_1.0.3_NUCLEO-F401RE\SDK_1.0.3_NUCLEO-F401RE\lib_stm\libLibraries.a(timer.o)
 .text.SysTick_Config
                0x0000000008001288       0x44 C:\Users\Admin\Downloads\SDK_1.0.3_NUCLEO-F401RE\SDK_1.0.3_NUCLEO-F401RE\lib_stm\libLibraries.a(timer.o)
 .text.TimerInit
                0x00000000080012cc       0x44 C:\Users\Admin\Downloads\SDK_1.0.3_NUCLEO-F401RE\SDK_1.0.3_NUCLEO-F401RE\lib_stm\libLibraries.a(timer.o)
                0x00000000080012cc                TimerInit
 .text.TimerStart
                0x0000000008001310       0xc4 C:\Users\Admin\Downloads\SDK_1.0.3_NUCLEO-F401RE\SDK_1.0.3_NUCLEO-F401RE\lib_stm\libLibraries.a(timer.o)
                0x0000000008001310                TimerStart
 .text.TimerStop
                0x00000000080013d4       0xa0 C:\Users\Admin\Downloads\SDK_1.0.3_NUCLEO-F401RE\SDK_1.0.3_NUCLEO-F401RE\lib_stm\libLibraries.a(timer.o)
                0x00000000080013d4                TimerStop
 .text.GetMilSecTick
                0x0000000008001474       0x18 C:\Users\Admin\Downloads\SDK_1.0.3_NUCLEO-F401RE\SDK_1.0.3_NUCLEO-F401RE\lib_stm\libLibraries.a(timer.o)
                0x0000000008001474                GetMilSecTick
 .text.processTimerScheduler
                0x000000000800148c       0xf0 C:\Users\Admin\Downloads\SDK_1.0.3_NUCLEO-F401RE\SDK_1.0.3_NUCLEO-F401RE\lib_stm\libLibraries.a(timer.o)
                0x000000000800148c                processTimerScheduler
 .text.TimeExpired
                0x000000000800157c       0xcc C:\Users\Admin\Downloads\SDK_1.0.3_NUCLEO-F401RE\SDK_1.0.3_NUCLEO-F401RE\lib_stm\libLibraries.a(timer.o)
 .text.SysTick_Handler
                0x0000000008001648       0x1c C:\Users\Admin\Downloads\SDK_1.0.3_NUCLEO-F401RE\SDK_1.0.3_NUCLEO-F401RE\lib_stm\libLibraries.a(timer.o)
                0x0000000008001648                SysTick_Handler
 .text.LightSensor_Init
                0x0000000008001664      0x160 C:\Users\Admin\Downloads\SDK_1.0.3_NUCLEO-F401RE\SDK_1.0.3_NUCLEO-F401RE\lib_stm\libLibraries.a(lightsensor.o)
                0x0000000008001664                LightSensor_Init
 .text.TemHumSensor_Init
                0x00000000080017c4        0xc C:\Users\Admin\Downloads\SDK_1.0.3_NUCLEO-F401RE\SDK_1.0.3_NUCLEO-F401RE\lib_stm\libLibraries.a(temhumsensor.o)
                0x00000000080017c4                TemHumSensor_Init
 .text.i2c_config
                0x00000000080017d0       0x94 C:\Users\Admin\Downloads\SDK_1.0.3_NUCLEO-F401RE\SDK_1.0.3_NUCLEO-F401RE\lib_stm\libLibraries.a(temhumsensor.o)
                0x00000000080017d0                i2c_config
 .text.USART2_IRQHandler
                0x0000000008001864       0x50 C:\Users\Admin\Downloads\SDK_1.0.3_NUCLEO-F401RE\SDK_1.0.3_NUCLEO-F401RE\lib_stm\libLibraries.a(serial.o)
                0x0000000008001864                USART2_IRQHandler
 .text.delayMicroseconds
                0x00000000080018b4       0x14 C:\Users\Admin\Downloads\SDK_1.0.3_NUCLEO-F401RE\SDK_1.0.3_NUCLEO-F401RE\lib_stm\libLibraries.a(Ucglib.o)
 .text.ucg_gpio_init
                0x00000000080018c8       0x60 C:\Users\Admin\Downloads\SDK_1.0.3_NUCLEO-F401RE\SDK_1.0.3_NUCLEO-F401RE\lib_stm\libLibraries.a(Ucglib.o)
 .text.ucg_com_arduino_send_generic_SW_SPI
                0x0000000008001928       0x74 C:\Users\Admin\Downloads\SDK_1.0.3_NUCLEO-F401RE\SDK_1.0.3_NUCLEO-F401RE\lib_stm\libLibraries.a(Ucglib.o)
 .text.ucg_com_arduino_generic_SW_SPI
                0x000000000800199c      0x1ec C:\Users\Admin\Downloads\SDK_1.0.3_NUCLEO-F401RE\SDK_1.0.3_NUCLEO-F401RE\lib_stm\libLibraries.a(Ucglib.o)
 .text.Ucglib4WireSWSPI_begin
                0x0000000008001b88       0x38 C:\Users\Admin\Downloads\SDK_1.0.3_NUCLEO-F401RE\SDK_1.0.3_NUCLEO-F401RE\lib_stm\libLibraries.a(Ucglib.o)
                0x0000000008001b88                Ucglib4WireSWSPI_begin
 .text.ucg_DrawBox
                0x0000000008001bc0       0x56 C:\Users\Admin\Downloads\SDK_1.0.3_NUCLEO-F401RE\SDK_1.0.3_NUCLEO-F401RE\lib_stm\libLibraries.a(ucg_box.o)
                0x0000000008001bc0                ucg_DrawBox
 .text.ucg_ClearScreen
                0x0000000008001c16       0x50 C:\Users\Admin\Downloads\SDK_1.0.3_NUCLEO-F401RE\SDK_1.0.3_NUCLEO-F401RE\lib_stm\libLibraries.a(ucg_box.o)
                0x0000000008001c16                ucg_ClearScreen
 .text.ucg_ccs_init
                0x0000000008001c66       0xc0 C:\Users\Admin\Downloads\SDK_1.0.3_NUCLEO-F401RE\SDK_1.0.3_NUCLEO-F401RE\lib_stm\libLibraries.a(ucg_ccs.o)
                0x0000000008001c66                ucg_ccs_init
 .text.ucg_ccs_step
                0x0000000008001d26       0x80 C:\Users\Admin\Downloads\SDK_1.0.3_NUCLEO-F401RE\SDK_1.0.3_NUCLEO-F401RE\lib_stm\libLibraries.a(ucg_ccs.o)
                0x0000000008001d26                ucg_ccs_step
 .text.ucg_ccs_seek
                0x0000000008001da6       0xca C:\Users\Admin\Downloads\SDK_1.0.3_NUCLEO-F401RE\SDK_1.0.3_NUCLEO-F401RE\lib_stm\libLibraries.a(ucg_ccs.o)
                0x0000000008001da6                ucg_ccs_seek
 .text.ucg_dev_default_cb
                0x0000000008001e70       0x44 C:\Users\Admin\Downloads\SDK_1.0.3_NUCLEO-F401RE\SDK_1.0.3_NUCLEO-F401RE\lib_stm\libLibraries.a(ucg_dev_default_cb.o)
                0x0000000008001e70                ucg_dev_default_cb
 .text.ucg_ext_none
                0x0000000008001eb4       0x1c C:\Users\Admin\Downloads\SDK_1.0.3_NUCLEO-F401RE\SDK_1.0.3_NUCLEO-F401RE\lib_stm\libLibraries.a(ucg_dev_default_cb.o)
                0x0000000008001eb4                ucg_ext_none
 .text.ucg_handle_st7735_l90fx
                0x0000000008001ed0       0xd8 C:\Users\Admin\Downloads\SDK_1.0.3_NUCLEO-F401RE\SDK_1.0.3_NUCLEO-F401RE\lib_stm\libLibraries.a(ucg_dev_ic_st7735.o)
                0x0000000008001ed0                ucg_handle_st7735_l90fx
 .text.ucg_handle_st7735_l90se
                0x0000000008001fa8      0x154 C:\Users\Admin\Downloads\SDK_1.0.3_NUCLEO-F401RE\SDK_1.0.3_NUCLEO-F401RE\lib_stm\libLibraries.a(ucg_dev_ic_st7735.o)
                0x0000000008001fa8                ucg_handle_st7735_l90se
 .text.ucg_dev_ic_st7735_18
                0x00000000080020fc       0xf8 C:\Users\Admin\Downloads\SDK_1.0.3_NUCLEO-F401RE\SDK_1.0.3_NUCLEO-F401RE\lib_stm\libLibraries.a(ucg_dev_ic_st7735.o)
                0x00000000080020fc                ucg_dev_ic_st7735_18
 .text.ucg_ext_st7735_18
                0x00000000080021f4       0x28 C:\Users\Admin\Downloads\SDK_1.0.3_NUCLEO-F401RE\SDK_1.0.3_NUCLEO-F401RE\lib_stm\libLibraries.a(ucg_dev_ic_st7735.o)
                0x00000000080021f4                ucg_ext_st7735_18
 .text.ucg_PowerDown
                0x000000000800221c       0x34 C:\Users\Admin\Downloads\SDK_1.0.3_NUCLEO-F401RE\SDK_1.0.3_NUCLEO-F401RE\lib_stm\libLibraries.a(ucg_dev_msg_api.o)
                0x000000000800221c                ucg_PowerDown
 .text.ucg_PowerUp
                0x0000000008002250       0x3c C:\Users\Admin\Downloads\SDK_1.0.3_NUCLEO-F401RE\SDK_1.0.3_NUCLEO-F401RE\lib_stm\libLibraries.a(ucg_dev_msg_api.o)
                0x0000000008002250                ucg_PowerUp
 .text.ucg_SetClipBox
                0x000000000800228c       0x1e C:\Users\Admin\Downloads\SDK_1.0.3_NUCLEO-F401RE\SDK_1.0.3_NUCLEO-F401RE\lib_stm\libLibraries.a(ucg_dev_msg_api.o)
                0x000000000800228c                ucg_SetClipBox
 .text.ucg_SetMaxClipRange
                0x00000000080022aa       0x30 C:\Users\Admin\Downloads\SDK_1.0.3_NUCLEO-F401RE\SDK_1.0.3_NUCLEO-F401RE\lib_stm\libLibraries.a(ucg_dev_msg_api.o)
                0x00000000080022aa                ucg_SetMaxClipRange
 .text.ucg_GetDimension
                0x00000000080022da       0x24 C:\Users\Admin\Downloads\SDK_1.0.3_NUCLEO-F401RE\SDK_1.0.3_NUCLEO-F401RE\lib_stm\libLibraries.a(ucg_dev_msg_api.o)
                0x00000000080022da                ucg_GetDimension
 .text.ucg_DrawL90FXWithArg
                0x00000000080022fe       0x1e C:\Users\Admin\Downloads\SDK_1.0.3_NUCLEO-F401RE\SDK_1.0.3_NUCLEO-F401RE\lib_stm\libLibraries.a(ucg_dev_msg_api.o)
                0x00000000080022fe                ucg_DrawL90FXWithArg
 .text.ucg_dev_st7735_18x128x128
                0x000000000800231c       0x80 C:\Users\Admin\Downloads\SDK_1.0.3_NUCLEO-F401RE\SDK_1.0.3_NUCLEO-F401RE\lib_stm\libLibraries.a(ucg_dev_tft_128x128_st7735.o)
                0x000000000800231c                ucg_dev_st7735_18x128x128
 .text.ucg_font_get_byte
                0x000000000800239c       0x24 C:\Users\Admin\Downloads\SDK_1.0.3_NUCLEO-F401RE\SDK_1.0.3_NUCLEO-F401RE\lib_stm\libLibraries.a(ucg_font.o)
 .text.ucg_font_get_word
                0x00000000080023c0       0x40 C:\Users\Admin\Downloads\SDK_1.0.3_NUCLEO-F401RE\SDK_1.0.3_NUCLEO-F401RE\lib_stm\libLibraries.a(ucg_font.o)
 .text.ucg_read_font_info
                0x0000000008002400      0x142 C:\Users\Admin\Downloads\SDK_1.0.3_NUCLEO-F401RE\SDK_1.0.3_NUCLEO-F401RE\lib_stm\libLibraries.a(ucg_font.o)
                0x0000000008002400                ucg_read_font_info
 .text.ucg_font_decode_get_unsigned_bits
                0x0000000008002542       0x96 C:\Users\Admin\Downloads\SDK_1.0.3_NUCLEO-F401RE\SDK_1.0.3_NUCLEO-F401RE\lib_stm\libLibraries.a(ucg_font.o)
                0x0000000008002542                ucg_font_decode_get_unsigned_bits
 .text.ucg_font_decode_get_signed_bits
                0x00000000080025d8       0x46 C:\Users\Admin\Downloads\SDK_1.0.3_NUCLEO-F401RE\SDK_1.0.3_NUCLEO-F401RE\lib_stm\libLibraries.a(ucg_font.o)
                0x00000000080025d8                ucg_font_decode_get_signed_bits
 .text.ucg_add_vector_y
                0x000000000800261e       0x7a C:\Users\Admin\Downloads\SDK_1.0.3_NUCLEO-F401RE\SDK_1.0.3_NUCLEO-F401RE\lib_stm\libLibraries.a(ucg_font.o)
 .text.ucg_add_vector_x
                0x0000000008002698       0x7a C:\Users\Admin\Downloads\SDK_1.0.3_NUCLEO-F401RE\SDK_1.0.3_NUCLEO-F401RE\lib_stm\libLibraries.a(ucg_font.o)
 .text.ucg_font_decode_len
                0x0000000008002712      0x118 C:\Users\Admin\Downloads\SDK_1.0.3_NUCLEO-F401RE\SDK_1.0.3_NUCLEO-F401RE\lib_stm\libLibraries.a(ucg_font.o)
                0x0000000008002712                ucg_font_decode_len
 .text.ucg_font_setup_decode
                0x000000000800282a       0x64 C:\Users\Admin\Downloads\SDK_1.0.3_NUCLEO-F401RE\SDK_1.0.3_NUCLEO-F401RE\lib_stm\libLibraries.a(ucg_font.o)
 .text.ucg_font_decode_glyph
                0x000000000800288e      0x14c C:\Users\Admin\Downloads\SDK_1.0.3_NUCLEO-F401RE\SDK_1.0.3_NUCLEO-F401RE\lib_stm\libLibraries.a(ucg_font.o)
                0x000000000800288e                ucg_font_decode_glyph
 .text.ucg_font_get_glyph_data
                0x00000000080029da       0x7a C:\Users\Admin\Downloads\SDK_1.0.3_NUCLEO-F401RE\SDK_1.0.3_NUCLEO-F401RE\lib_stm\libLibraries.a(ucg_font.o)
                0x00000000080029da                ucg_font_get_glyph_data
 .text.ucg_font_draw_glyph
                0x0000000008002a54       0x62 C:\Users\Admin\Downloads\SDK_1.0.3_NUCLEO-F401RE\SDK_1.0.3_NUCLEO-F401RE\lib_stm\libLibraries.a(ucg_font.o)
                0x0000000008002a54                ucg_font_draw_glyph
 .text.ucg_SetFontMode
                0x0000000008002ab6       0x20 C:\Users\Admin\Downloads\SDK_1.0.3_NUCLEO-F401RE\SDK_1.0.3_NUCLEO-F401RE\lib_stm\libLibraries.a(ucg_font.o)
                0x0000000008002ab6                ucg_SetFontMode
 *fill*         0x0000000008002ad6        0x2 
 .text.ucg_DrawGlyph
                0x0000000008002ad8       0xb0 C:\Users\Admin\Downloads\SDK_1.0.3_NUCLEO-F401RE\SDK_1.0.3_NUCLEO-F401RE\lib_stm\libLibraries.a(ucg_font.o)
                0x0000000008002ad8                ucg_DrawGlyph
 .text.task_drawString
                0x0000000008002b88      0x138 C:\Users\Admin\Downloads\SDK_1.0.3_NUCLEO-F401RE\SDK_1.0.3_NUCLEO-F401RE\lib_stm\libLibraries.a(ucg_font.o)
                0x0000000008002b88                task_drawString
 .text.ucg_DrawString
                0x0000000008002cc0       0x78 C:\Users\Admin\Downloads\SDK_1.0.3_NUCLEO-F401RE\SDK_1.0.3_NUCLEO-F401RE\lib_stm\libLibraries.a(ucg_font.o)
                0x0000000008002cc0                ucg_DrawString
 .text.ucg_UpdateRefHeight
                0x0000000008002d38       0xd8 C:\Users\Admin\Downloads\SDK_1.0.3_NUCLEO-F401RE\SDK_1.0.3_NUCLEO-F401RE\lib_stm\libLibraries.a(ucg_font.o)
                0x0000000008002d38                ucg_UpdateRefHeight
 .text.ucg_font_calc_vref_font
                0x0000000008002e10       0x16 C:\Users\Admin\Downloads\SDK_1.0.3_NUCLEO-F401RE\SDK_1.0.3_NUCLEO-F401RE\lib_stm\libLibraries.a(ucg_font.o)
                0x0000000008002e10                ucg_font_calc_vref_font
 *fill*         0x0000000008002e26        0x2 
 .text.ucg_SetFontPosBaseline
                0x0000000008002e28       0x20 C:\Users\Admin\Downloads\SDK_1.0.3_NUCLEO-F401RE\SDK_1.0.3_NUCLEO-F401RE\lib_stm\libLibraries.a(ucg_font.o)
                0x0000000008002e28                ucg_SetFontPosBaseline
 .text.ucg_SetFont
                0x0000000008002e48       0x4c C:\Users\Admin\Downloads\SDK_1.0.3_NUCLEO-F401RE\SDK_1.0.3_NUCLEO-F401RE\lib_stm\libLibraries.a(ucg_font.o)
                0x0000000008002e48                ucg_SetFont
 .text.ucg_init_struct
                0x0000000008002e94       0x50 C:\Users\Admin\Downloads\SDK_1.0.3_NUCLEO-F401RE\SDK_1.0.3_NUCLEO-F401RE\lib_stm\libLibraries.a(ucg_init.o)
                0x0000000008002e94                ucg_init_struct
 .text.ucg_Init
                0x0000000008002ee4       0x5c C:\Users\Admin\Downloads\SDK_1.0.3_NUCLEO-F401RE\SDK_1.0.3_NUCLEO-F401RE\lib_stm\libLibraries.a(ucg_init.o)
                0x0000000008002ee4                ucg_Init
 .text.ucg_Draw90Line
                0x0000000008002f40       0x88 C:\Users\Admin\Downloads\SDK_1.0.3_NUCLEO-F401RE\SDK_1.0.3_NUCLEO-F401RE\lib_stm\libLibraries.a(ucg_line.o)
                0x0000000008002f40                ucg_Draw90Line
 .text.ucg_DrawHLine
                0x0000000008002fc8       0x3e C:\Users\Admin\Downloads\SDK_1.0.3_NUCLEO-F401RE\SDK_1.0.3_NUCLEO-F401RE\lib_stm\libLibraries.a(ucg_line.o)
                0x0000000008002fc8                ucg_DrawHLine
 .text.ucg_SetColor
                0x0000000008003006       0x5c C:\Users\Admin\Downloads\SDK_1.0.3_NUCLEO-F401RE\SDK_1.0.3_NUCLEO-F401RE\lib_stm\libLibraries.a(ucg_pixel.o)
                0x0000000008003006                ucg_SetColor
 .text.ucg_UndoRotate
                0x0000000008003062       0x32 C:\Users\Admin\Downloads\SDK_1.0.3_NUCLEO-F401RE\SDK_1.0.3_NUCLEO-F401RE\lib_stm\libLibraries.a(ucg_rotate.o)
                0x0000000008003062                ucg_UndoRotate
 .text.ucg_rotate_180_xy
                0x0000000008003094       0x66 C:\Users\Admin\Downloads\SDK_1.0.3_NUCLEO-F401RE\SDK_1.0.3_NUCLEO-F401RE\lib_stm\libLibraries.a(ucg_rotate.o)
 *fill*         0x00000000080030fa        0x2 
 .text.ucg_dev_rotate180
                0x00000000080030fc      0x100 C:\Users\Admin\Downloads\SDK_1.0.3_NUCLEO-F401RE\SDK_1.0.3_NUCLEO-F401RE\lib_stm\libLibraries.a(ucg_rotate.o)
                0x00000000080030fc                ucg_dev_rotate180
 .text.ucg_SetRotate180
                0x00000000080031fc       0x34 C:\Users\Admin\Downloads\SDK_1.0.3_NUCLEO-F401RE\SDK_1.0.3_NUCLEO-F401RE\lib_stm\libLibraries.a(ucg_rotate.o)
                0x00000000080031fc                ucg_SetRotate180
 .text.bufInit  0x0000000008003230       0x36 C:\Users\Admin\Downloads\SDK_1.0.3_NUCLEO-F401RE\SDK_1.0.3_NUCLEO-F401RE\lib_stm\libLibraries.a(buff.o)
                0x0000000008003230                bufInit
 .text.bufNumItems
                0x0000000008003266       0x18 C:\Users\Admin\Downloads\SDK_1.0.3_NUCLEO-F401RE\SDK_1.0.3_NUCLEO-F401RE\lib_stm\libLibraries.a(buff.o)
                0x0000000008003266                bufNumItems
 .text.bufIsFull
                0x000000000800327e       0x26 C:\Users\Admin\Downloads\SDK_1.0.3_NUCLEO-F401RE\SDK_1.0.3_NUCLEO-F401RE\lib_stm\libLibraries.a(buff.o)
                0x000000000800327e                bufIsFull
 .text.bufIsEmpty
                0x00000000080032a4       0x26 C:\Users\Admin\Downloads\SDK_1.0.3_NUCLEO-F401RE\SDK_1.0.3_NUCLEO-F401RE\lib_stm\libLibraries.a(buff.o)
                0x00000000080032a4                bufIsEmpty
 .text.bufFlush
                0x00000000080032ca       0x32 C:\Users\Admin\Downloads\SDK_1.0.3_NUCLEO-F401RE\SDK_1.0.3_NUCLEO-F401RE\lib_stm\libLibraries.a(buff.o)
                0x00000000080032ca                bufFlush
 .text.bufEnDat
                0x00000000080032fc       0x9c C:\Users\Admin\Downloads\SDK_1.0.3_NUCLEO-F401RE\SDK_1.0.3_NUCLEO-F401RE\lib_stm\libLibraries.a(buff.o)
                0x00000000080032fc                bufEnDat
 .text.bufDeDat
                0x0000000008003398       0x84 C:\Users\Admin\Downloads\SDK_1.0.3_NUCLEO-F401RE\SDK_1.0.3_NUCLEO-F401RE\lib_stm\libLibraries.a(buff.o)
                0x0000000008003398                bufDeDat
 .text.memsetl  0x000000000800341c       0x32 C:\Users\Admin\Downloads\SDK_1.0.3_NUCLEO-F401RE\SDK_1.0.3_NUCLEO-F401RE\lib_stm\libLibraries.a(utilities.o)
                0x000000000800341c                memsetl
 .text.ADC_DeInit
                0x000000000800344e       0x1c C:\Users\Admin\Downloads\SDK_1.0.3_NUCLEO-F401RE\SDK_1.0.3_NUCLEO-F401RE\lib_stm\libLibraries.a(stm32f401re_adc.o)
                0x000000000800344e                ADC_DeInit
 *fill*         0x000000000800346a        0x2 
 .text.ADC_Init
                0x000000000800346c       0xac C:\Users\Admin\Downloads\SDK_1.0.3_NUCLEO-F401RE\SDK_1.0.3_NUCLEO-F401RE\lib_stm\libLibraries.a(stm32f401re_adc.o)
                0x000000000800346c                ADC_Init
 .text.ADC_CommonInit
                0x0000000008003518       0x50 C:\Users\Admin\Downloads\SDK_1.0.3_NUCLEO-F401RE\SDK_1.0.3_NUCLEO-F401RE\lib_stm\libLibraries.a(stm32f401re_adc.o)
                0x0000000008003518                ADC_CommonInit
 .text.ADC_Cmd  0x0000000008003568       0x38 C:\Users\Admin\Downloads\SDK_1.0.3_NUCLEO-F401RE\SDK_1.0.3_NUCLEO-F401RE\lib_stm\libLibraries.a(stm32f401re_adc.o)
                0x0000000008003568                ADC_Cmd
 .text.ADC_RegularChannelConfig
                0x00000000080035a0      0x194 C:\Users\Admin\Downloads\SDK_1.0.3_NUCLEO-F401RE\SDK_1.0.3_NUCLEO-F401RE\lib_stm\libLibraries.a(stm32f401re_adc.o)
                0x00000000080035a0                ADC_RegularChannelConfig
 .text.ADC_SoftwareStartConv
                0x0000000008003734       0x20 C:\Users\Admin\Downloads\SDK_1.0.3_NUCLEO-F401RE\SDK_1.0.3_NUCLEO-F401RE\lib_stm\libLibraries.a(stm32f401re_adc.o)
                0x0000000008003734                ADC_SoftwareStartConv
 .text.ADC_EOCOnEachRegularChannelCmd
                0x0000000008003754       0x38 C:\Users\Admin\Downloads\SDK_1.0.3_NUCLEO-F401RE\SDK_1.0.3_NUCLEO-F401RE\lib_stm\libLibraries.a(stm32f401re_adc.o)
                0x0000000008003754                ADC_EOCOnEachRegularChannelCmd
 .text.ADC_ContinuousModeCmd
                0x000000000800378c       0x38 C:\Users\Admin\Downloads\SDK_1.0.3_NUCLEO-F401RE\SDK_1.0.3_NUCLEO-F401RE\lib_stm\libLibraries.a(stm32f401re_adc.o)
                0x000000000800378c                ADC_ContinuousModeCmd
 .text.ADC_DiscModeChannelCountConfig
                0x00000000080037c4       0x44 C:\Users\Admin\Downloads\SDK_1.0.3_NUCLEO-F401RE\SDK_1.0.3_NUCLEO-F401RE\lib_stm\libLibraries.a(stm32f401re_adc.o)
                0x00000000080037c4                ADC_DiscModeChannelCountConfig
 .text.ADC_DiscModeCmd
                0x0000000008003808       0x38 C:\Users\Admin\Downloads\SDK_1.0.3_NUCLEO-F401RE\SDK_1.0.3_NUCLEO-F401RE\lib_stm\libLibraries.a(stm32f401re_adc.o)
                0x0000000008003808                ADC_DiscModeCmd
 .text.ADC_DMACmd
                0x0000000008003840       0x38 C:\Users\Admin\Downloads\SDK_1.0.3_NUCLEO-F401RE\SDK_1.0.3_NUCLEO-F401RE\lib_stm\libLibraries.a(stm32f401re_adc.o)
                0x0000000008003840                ADC_DMACmd
 .text.ADC_DMARequestAfterLastTransferCmd
                0x0000000008003878       0x38 C:\Users\Admin\Downloads\SDK_1.0.3_NUCLEO-F401RE\SDK_1.0.3_NUCLEO-F401RE\lib_stm\libLibraries.a(stm32f401re_adc.o)
                0x0000000008003878                ADC_DMARequestAfterLastTransferCmd
 .text.DMA_DeInit
                0x00000000080038b0      0x1a8 C:\Users\Admin\Downloads\SDK_1.0.3_NUCLEO-F401RE\SDK_1.0.3_NUCLEO-F401RE\lib_stm\libLibraries.a(stm32f401re_dma.o)
                0x00000000080038b0                DMA_DeInit
 .text.DMA_Init
                0x0000000008003a58       0xb0 C:\Users\Admin\Downloads\SDK_1.0.3_NUCLEO-F401RE\SDK_1.0.3_NUCLEO-F401RE\lib_stm\libLibraries.a(stm32f401re_dma.o)
                0x0000000008003a58                DMA_Init
 .text.DMA_Cmd  0x0000000008003b08       0x38 C:\Users\Admin\Downloads\SDK_1.0.3_NUCLEO-F401RE\SDK_1.0.3_NUCLEO-F401RE\lib_stm\libLibraries.a(stm32f401re_dma.o)
                0x0000000008003b08                DMA_Cmd
 .text.GPIO_Init
                0x0000000008003b40      0x11c C:\Users\Admin\Downloads\SDK_1.0.3_NUCLEO-F401RE\SDK_1.0.3_NUCLEO-F401RE\lib_stm\libLibraries.a(stm32f401re_gpio.o)
                0x0000000008003b40                GPIO_Init
 .text.GPIO_ReadInputDataBit
                0x0000000008003c5c       0x34 C:\Users\Admin\Downloads\SDK_1.0.3_NUCLEO-F401RE\SDK_1.0.3_NUCLEO-F401RE\lib_stm\libLibraries.a(stm32f401re_gpio.o)
                0x0000000008003c5c                GPIO_ReadInputDataBit
 .text.GPIO_SetBits
                0x0000000008003c90       0x1e C:\Users\Admin\Downloads\SDK_1.0.3_NUCLEO-F401RE\SDK_1.0.3_NUCLEO-F401RE\lib_stm\libLibraries.a(stm32f401re_gpio.o)
                0x0000000008003c90                GPIO_SetBits
 .text.GPIO_ResetBits
                0x0000000008003cae       0x1e C:\Users\Admin\Downloads\SDK_1.0.3_NUCLEO-F401RE\SDK_1.0.3_NUCLEO-F401RE\lib_stm\libLibraries.a(stm32f401re_gpio.o)
                0x0000000008003cae                GPIO_ResetBits
 .text.GPIO_WriteBit
                0x0000000008003ccc       0x30 C:\Users\Admin\Downloads\SDK_1.0.3_NUCLEO-F401RE\SDK_1.0.3_NUCLEO-F401RE\lib_stm\libLibraries.a(stm32f401re_gpio.o)
                0x0000000008003ccc                GPIO_WriteBit
 .text.GPIO_PinAFConfig
                0x0000000008003cfc       0x92 C:\Users\Admin\Downloads\SDK_1.0.3_NUCLEO-F401RE\SDK_1.0.3_NUCLEO-F401RE\lib_stm\libLibraries.a(stm32f401re_gpio.o)
                0x0000000008003cfc                GPIO_PinAFConfig
 *fill*         0x0000000008003d8e        0x2 
 .text.I2C_Init
                0x0000000008003d90      0x184 C:\Users\Admin\Downloads\SDK_1.0.3_NUCLEO-F401RE\SDK_1.0.3_NUCLEO-F401RE\lib_stm\libLibraries.a(stm32f401re_i2c.o)
                0x0000000008003d90                I2C_Init
 .text.I2C_Cmd  0x0000000008003f14       0x40 C:\Users\Admin\Downloads\SDK_1.0.3_NUCLEO-F401RE\SDK_1.0.3_NUCLEO-F401RE\lib_stm\libLibraries.a(stm32f401re_i2c.o)
                0x0000000008003f14                I2C_Cmd
 .text.RCC_GetClocksFreq
                0x0000000008003f54      0x150 C:\Users\Admin\Downloads\SDK_1.0.3_NUCLEO-F401RE\SDK_1.0.3_NUCLEO-F401RE\lib_stm\libLibraries.a(stm32f401re_rcc.o)
                0x0000000008003f54                RCC_GetClocksFreq
 .text.RCC_AHB1PeriphClockCmd
                0x00000000080040a4       0x40 C:\Users\Admin\Downloads\SDK_1.0.3_NUCLEO-F401RE\SDK_1.0.3_NUCLEO-F401RE\lib_stm\libLibraries.a(stm32f401re_rcc.o)
                0x00000000080040a4                RCC_AHB1PeriphClockCmd
 .text.RCC_APB1PeriphClockCmd
                0x00000000080040e4       0x40 C:\Users\Admin\Downloads\SDK_1.0.3_NUCLEO-F401RE\SDK_1.0.3_NUCLEO-F401RE\lib_stm\libLibraries.a(stm32f401re_rcc.o)
                0x00000000080040e4                RCC_APB1PeriphClockCmd
 .text.RCC_APB2PeriphClockCmd
                0x0000000008004124       0x40 C:\Users\Admin\Downloads\SDK_1.0.3_NUCLEO-F401RE\SDK_1.0.3_NUCLEO-F401RE\lib_stm\libLibraries.a(stm32f401re_rcc.o)
                0x0000000008004124                RCC_APB2PeriphClockCmd
 .text.RCC_APB2PeriphResetCmd
                0x0000000008004164       0x40 C:\Users\Admin\Downloads\SDK_1.0.3_NUCLEO-F401RE\SDK_1.0.3_NUCLEO-F401RE\lib_stm\libLibraries.a(stm32f401re_rcc.o)
                0x0000000008004164                RCC_APB2PeriphResetCmd
 .text.TIM_TimeBaseInit
                0x00000000080041a4       0xd8 C:\Users\Admin\Downloads\SDK_1.0.3_NUCLEO-F401RE\SDK_1.0.3_NUCLEO-F401RE\lib_stm\libLibraries.a(stm32f401re_tim.o)
                0x00000000080041a4                TIM_TimeBaseInit
 .text.TIM_Cmd  0x000000000800427c       0x40 C:\Users\Admin\Downloads\SDK_1.0.3_NUCLEO-F401RE\SDK_1.0.3_NUCLEO-F401RE\lib_stm\libLibraries.a(stm32f401re_tim.o)
                0x000000000800427c                TIM_Cmd
 .text.TIM_OC1Init
                0x00000000080042bc       0xf4 C:\Users\Admin\Downloads\SDK_1.0.3_NUCLEO-F401RE\SDK_1.0.3_NUCLEO-F401RE\lib_stm\libLibraries.a(stm32f401re_tim.o)
                0x00000000080042bc                TIM_OC1Init
 .text.TIM_OC2Init
                0x00000000080043b0      0x110 C:\Users\Admin\Downloads\SDK_1.0.3_NUCLEO-F401RE\SDK_1.0.3_NUCLEO-F401RE\lib_stm\libLibraries.a(stm32f401re_tim.o)
                0x00000000080043b0                TIM_OC2Init
 .text.TIM_OC3Init
                0x00000000080044c0      0x10c C:\Users\Admin\Downloads\SDK_1.0.3_NUCLEO-F401RE\SDK_1.0.3_NUCLEO-F401RE\lib_stm\libLibraries.a(stm32f401re_tim.o)
                0x00000000080044c0                TIM_OC3Init
 .text.TIM_OC4Init
                0x00000000080045cc       0xd0 C:\Users\Admin\Downloads\SDK_1.0.3_NUCLEO-F401RE\SDK_1.0.3_NUCLEO-F401RE\lib_stm\libLibraries.a(stm32f401re_tim.o)
                0x00000000080045cc                TIM_OC4Init
 .text.TIM_SetCompare1
                0x000000000800469c       0x1c C:\Users\Admin\Downloads\SDK_1.0.3_NUCLEO-F401RE\SDK_1.0.3_NUCLEO-F401RE\lib_stm\libLibraries.a(stm32f401re_tim.o)
                0x000000000800469c                TIM_SetCompare1
 .text.TIM_SetCompare2
                0x00000000080046b8       0x1c C:\Users\Admin\Downloads\SDK_1.0.3_NUCLEO-F401RE\SDK_1.0.3_NUCLEO-F401RE\lib_stm\libLibraries.a(stm32f401re_tim.o)
                0x00000000080046b8                TIM_SetCompare2
 .text.TIM_SetCompare3
                0x00000000080046d4       0x1c C:\Users\Admin\Downloads\SDK_1.0.3_NUCLEO-F401RE\SDK_1.0.3_NUCLEO-F401RE\lib_stm\libLibraries.a(stm32f401re_tim.o)
                0x00000000080046d4                TIM_SetCompare3
 .text.TIM_SetCompare4
                0x00000000080046f0       0x1c C:\Users\Admin\Downloads\SDK_1.0.3_NUCLEO-F401RE\SDK_1.0.3_NUCLEO-F401RE\lib_stm\libLibraries.a(stm32f401re_tim.o)
                0x00000000080046f0                TIM_SetCompare4
 .text.TIM_CtrlPWMOutputs
                0x000000000800470c       0x4c C:\Users\Admin\Downloads\SDK_1.0.3_NUCLEO-F401RE\SDK_1.0.3_NUCLEO-F401RE\lib_stm\libLibraries.a(stm32f401re_tim.o)
                0x000000000800470c                TIM_CtrlPWMOutputs
 .text.USART_ReceiveData
                0x0000000008004758       0x20 C:\Users\Admin\Downloads\SDK_1.0.3_NUCLEO-F401RE\SDK_1.0.3_NUCLEO-F401RE\lib_stm\libLibraries.a(stm32f401re_usart.o)
                0x0000000008004758                USART_ReceiveData
 .text.USART_GetITStatus
                0x0000000008004778       0xb6 C:\Users\Admin\Downloads\SDK_1.0.3_NUCLEO-F401RE\SDK_1.0.3_NUCLEO-F401RE\lib_stm\libLibraries.a(stm32f401re_usart.o)
                0x0000000008004778                USART_GetITStatus
 .text.USART_ClearITPendingBit
                0x000000000800482e       0x3a C:\Users\Admin\Downloads\SDK_1.0.3_NUCLEO-F401RE\SDK_1.0.3_NUCLEO-F401RE\lib_stm\libLibraries.a(stm32f401re_usart.o)
                0x000000000800482e                USART_ClearITPendingBit
 .text.Button_Init
                0x0000000008004868       0xbc C:\Users\Admin\Downloads\SDK_1.0.3_NUCLEO-F401RE\SDK_1.0.3_NUCLEO-F401RE\lib_stm\libLibraries.a(button.o)
                0x0000000008004868                Button_Init
 .text.Button_SetMode
                0x0000000008004924       0x3c C:\Users\Admin\Downloads\SDK_1.0.3_NUCLEO-F401RE\SDK_1.0.3_NUCLEO-F401RE\lib_stm\libLibraries.a(button.o)
                0x0000000008004924                Button_SetMode
 .text.Button_RegisterEventCallback
                0x0000000008004960       0x28 C:\Users\Admin\Downloads\SDK_1.0.3_NUCLEO-F401RE\SDK_1.0.3_NUCLEO-F401RE\lib_stm\libLibraries.a(button.o)
                0x0000000008004960                Button_RegisterEventCallback
 .text.ButtonScanTypeEdge
                0x0000000008004988      0x1fc C:\Users\Admin\Downloads\SDK_1.0.3_NUCLEO-F401RE\SDK_1.0.3_NUCLEO-F401RE\lib_stm\libLibraries.a(button.o)
 .text.ButtonScan
                0x0000000008004b84       0x4c C:\Users\Admin\Downloads\SDK_1.0.3_NUCLEO-F401RE\SDK_1.0.3_NUCLEO-F401RE\lib_stm\libLibraries.a(button.o)
 .text.BTNGPIO_Init
                0x0000000008004bd0       0x6c C:\Users\Admin\Downloads\SDK_1.0.3_NUCLEO-F401RE\SDK_1.0.3_NUCLEO-F401RE\lib_stm\libLibraries.a(button.o)
 .text.ucg_clip_is_x_visible
                0x0000000008004c3c       0x4a C:\Users\Admin\Downloads\SDK_1.0.3_NUCLEO-F401RE\SDK_1.0.3_NUCLEO-F401RE\lib_stm\libLibraries.a(ucg_clip.o)
 .text.ucg_clip_is_y_visible
                0x0000000008004c86       0x4a C:\Users\Admin\Downloads\SDK_1.0.3_NUCLEO-F401RE\SDK_1.0.3_NUCLEO-F401RE\lib_stm\libLibraries.a(ucg_clip.o)
 .text.ucg_clip_intersection
                0x0000000008004cd0       0x74 C:\Users\Admin\Downloads\SDK_1.0.3_NUCLEO-F401RE\SDK_1.0.3_NUCLEO-F401RE\lib_stm\libLibraries.a(ucg_clip.o)
 .text.ucg_clip_is_pixel_visible
                0x0000000008004d44       0x32 C:\Users\Admin\Downloads\SDK_1.0.3_NUCLEO-F401RE\SDK_1.0.3_NUCLEO-F401RE\lib_stm\libLibraries.a(ucg_clip.o)
                0x0000000008004d44                ucg_clip_is_pixel_visible
 *fill*         0x0000000008004d76        0x2 
 .text.ucg_clip_l90fx
                0x0000000008004d78      0x300 C:\Users\Admin\Downloads\SDK_1.0.3_NUCLEO-F401RE\SDK_1.0.3_NUCLEO-F401RE\lib_stm\libLibraries.a(ucg_clip.o)
                0x0000000008004d78                ucg_clip_l90fx
 .text.ucg_clip_l90se
                0x0000000008005078       0x54 C:\Users\Admin\Downloads\SDK_1.0.3_NUCLEO-F401RE\SDK_1.0.3_NUCLEO-F401RE\lib_stm\libLibraries.a(ucg_clip.o)
                0x0000000008005078                ucg_clip_l90se
 .text.ucg_com_PowerDown
                0x00000000080050cc       0x3e C:\Users\Admin\Downloads\SDK_1.0.3_NUCLEO-F401RE\SDK_1.0.3_NUCLEO-F401RE\lib_stm\libLibraries.a(ucg_com_msg_api.o)
                0x00000000080050cc                ucg_com_PowerDown
 .text.ucg_com_PowerUp
                0x000000000800510a       0x60 C:\Users\Admin\Downloads\SDK_1.0.3_NUCLEO-F401RE\SDK_1.0.3_NUCLEO-F401RE\lib_stm\libLibraries.a(ucg_com_msg_api.o)
                0x000000000800510a                ucg_com_PowerUp
 .text.ucg_com_SetLineStatus
                0x000000000800516a       0xe2 C:\Users\Admin\Downloads\SDK_1.0.3_NUCLEO-F401RE\SDK_1.0.3_NUCLEO-F401RE\lib_stm\libLibraries.a(ucg_com_msg_api.o)
                0x000000000800516a                ucg_com_SetLineStatus
 .text.ucg_com_SetResetLineStatus
                0x000000000800524c       0x20 C:\Users\Admin\Downloads\SDK_1.0.3_NUCLEO-F401RE\SDK_1.0.3_NUCLEO-F401RE\lib_stm\libLibraries.a(ucg_com_msg_api.o)
                0x000000000800524c                ucg_com_SetResetLineStatus
 .text.ucg_com_SetCSLineStatus
                0x000000000800526c       0x20 C:\Users\Admin\Downloads\SDK_1.0.3_NUCLEO-F401RE\SDK_1.0.3_NUCLEO-F401RE\lib_stm\libLibraries.a(ucg_com_msg_api.o)
                0x000000000800526c                ucg_com_SetCSLineStatus
 .text.ucg_com_SetCDLineStatus
                0x000000000800528c       0x20 C:\Users\Admin\Downloads\SDK_1.0.3_NUCLEO-F401RE\SDK_1.0.3_NUCLEO-F401RE\lib_stm\libLibraries.a(ucg_com_msg_api.o)
                0x000000000800528c                ucg_com_SetCDLineStatus
 .text.ucg_com_DelayMicroseconds
                0x00000000080052ac       0x22 C:\Users\Admin\Downloads\SDK_1.0.3_NUCLEO-F401RE\SDK_1.0.3_NUCLEO-F401RE\lib_stm\libLibraries.a(ucg_com_msg_api.o)
                0x00000000080052ac                ucg_com_DelayMicroseconds
 .text.ucg_com_DelayMilliseconds
                0x00000000080052ce       0x2c C:\Users\Admin\Downloads\SDK_1.0.3_NUCLEO-F401RE\SDK_1.0.3_NUCLEO-F401RE\lib_stm\libLibraries.a(ucg_com_msg_api.o)
                0x00000000080052ce                ucg_com_DelayMilliseconds
 .text.ucg_com_SendByte
                0x00000000080052fa       0x24 C:\Users\Admin\Downloads\SDK_1.0.3_NUCLEO-F401RE\SDK_1.0.3_NUCLEO-F401RE\lib_stm\libLibraries.a(ucg_com_msg_api.o)
                0x00000000080052fa                ucg_com_SendByte
 .text.ucg_com_SendStringP
                0x000000000800531e       0x40 C:\Users\Admin\Downloads\SDK_1.0.3_NUCLEO-F401RE\SDK_1.0.3_NUCLEO-F401RE\lib_stm\libLibraries.a(ucg_com_msg_api.o)
                0x000000000800531e                ucg_com_SendStringP
 .text.ucg_com_SendCmdArg
                0x000000000800535e       0x74 C:\Users\Admin\Downloads\SDK_1.0.3_NUCLEO-F401RE\SDK_1.0.3_NUCLEO-F401RE\lib_stm\libLibraries.a(ucg_com_msg_api.o)
 *fill*         0x00000000080053d2        0x2 
 .text.ucg_com_SendCmdSeq
                0x00000000080053d4      0x278 C:\Users\Admin\Downloads\SDK_1.0.3_NUCLEO-F401RE\SDK_1.0.3_NUCLEO-F401RE\lib_stm\libLibraries.a(ucg_com_msg_api.o)
                0x00000000080053d4                ucg_com_SendCmdSeq
 .text.__libc_init_array
                0x000000000800564c       0x48 C:/ST/STM32CubeIDE_1.13.1/STM32CubeIDE/plugins/com.st.stm32cube.ide.mcu.externaltools.gnu-tools-for-stm32.11.3.rel1.win32_1.1.0.202305231506/tools/bin/../lib/gcc/arm-none-eabi/11.3.1/../../../../arm-none-eabi/lib/thumb/v7e-m+fp/hard\libc_nano.a(libc_a-init.o)
                0x000000000800564c                __libc_init_array
 *(.glue_7)
 .glue_7        0x0000000008005694        0x0 linker stubs
 *(.glue_7t)
 .glue_7t       0x0000000008005694        0x0 linker stubs
 *(.eh_frame)
 .eh_frame      0x0000000008005694        0x0 C:/ST/STM32CubeIDE_1.13.1/STM32CubeIDE/plugins/com.st.stm32cube.ide.mcu.externaltools.gnu-tools-for-stm32.11.3.rel1.win32_1.1.0.202305231506/tools/bin/../lib/gcc/arm-none-eabi/11.3.1/thumb/v7e-m+fp/hard/crtbegin.o
 *(.init)
 .init          0x0000000008005694        0x4 C:/ST/STM32CubeIDE_1.13.1/STM32CubeIDE/plugins/com.st.stm32cube.ide.mcu.externaltools.gnu-tools-for-stm32.11.3.rel1.win32_1.1.0.202305231506/tools/bin/../lib/gcc/arm-none-eabi/11.3.1/thumb/v7e-m+fp/hard/crti.o
                0x0000000008005694                _init
 .init          0x0000000008005698        0x8 C:/ST/STM32CubeIDE_1.13.1/STM32CubeIDE/plugins/com.st.stm32cube.ide.mcu.externaltools.gnu-tools-for-stm32.11.3.rel1.win32_1.1.0.202305231506/tools/bin/../lib/gcc/arm-none-eabi/11.3.1/thumb/v7e-m+fp/hard/crtn.o
 *(.fini)
 .fini          0x00000000080056a0        0x4 C:/ST/STM32CubeIDE_1.13.1/STM32CubeIDE/plugins/com.st.stm32cube.ide.mcu.externaltools.gnu-tools-for-stm32.11.3.rel1.win32_1.1.0.202305231506/tools/bin/../lib/gcc/arm-none-eabi/11.3.1/thumb/v7e-m+fp/hard/crti.o
                0x00000000080056a0                _fini
 .fini          0x00000000080056a4        0x8 C:/ST/STM32CubeIDE_1.13.1/STM32CubeIDE/plugins/com.st.stm32cube.ide.mcu.externaltools.gnu-tools-for-stm32.11.3.rel1.win32_1.1.0.202305231506/tools/bin/../lib/gcc/arm-none-eabi/11.3.1/thumb/v7e-m+fp/hard/crtn.o
                0x00000000080056ac                . = ALIGN (0x4)
                0x00000000080056ac                _etext = .

.vfp11_veneer   0x00000000080056ac        0x0
 .vfp11_veneer  0x00000000080056ac        0x0 linker stubs

.v4_bx          0x00000000080056ac        0x0
 .v4_bx         0x00000000080056ac        0x0 linker stubs

.iplt           0x00000000080056ac        0x0
 .iplt          0x00000000080056ac        0x0 C:/ST/STM32CubeIDE_1.13.1/STM32CubeIDE/plugins/com.st.stm32cube.ide.mcu.externaltools.gnu-tools-for-stm32.11.3.rel1.win32_1.1.0.202305231506/tools/bin/../lib/gcc/arm-none-eabi/11.3.1/thumb/v7e-m+fp/hard/crtbegin.o

.rodata         0x00000000080056ac      0xa98
                0x00000000080056ac                . = ALIGN (0x4)
 *(.rodata)
 .rodata        0x00000000080056ac      0x108 ./Src/main.o
 .rodata        0x00000000080057b4        0x5 C:\Users\Admin\Downloads\SDK_1.0.3_NUCLEO-F401RE\SDK_1.0.3_NUCLEO-F401RE\lib_stm\libLibraries.a(buzzer.o)
 *fill*         0x00000000080057b9        0x3 
 .rodata        0x00000000080057bc        0xf C:\Users\Admin\Downloads\SDK_1.0.3_NUCLEO-F401RE\SDK_1.0.3_NUCLEO-F401RE\lib_stm\libLibraries.a(ucg_font.o)
 *fill*         0x00000000080057cb        0x1 
 .rodata        0x00000000080057cc        0x1 C:\Users\Admin\Downloads\SDK_1.0.3_NUCLEO-F401RE\SDK_1.0.3_NUCLEO-F401RE\lib_stm\libLibraries.a(button.o)
 *(.rodata*)
 *fill*         0x00000000080057cd        0x3 
 .rodata.pinBuzz
                0x00000000080057d0        0x8 C:\Users\Admin\Downloads\SDK_1.0.3_NUCLEO-F401RE\SDK_1.0.3_NUCLEO-F401RE\lib_stm\libLibraries.a(buzzer.o)
 .rodata.ucg_st7735_set_pos_seq
                0x00000000080057d8       0x1e C:\Users\Admin\Downloads\SDK_1.0.3_NUCLEO-F401RE\SDK_1.0.3_NUCLEO-F401RE\lib_stm\libLibraries.a(ucg_dev_ic_st7735.o)
                0x00000000080057d8                ucg_st7735_set_pos_seq
 *fill*         0x00000000080057f6        0x2 
 .rodata.ucg_st7735_set_pos_dir0_seq
                0x00000000080057f8       0x1e C:\Users\Admin\Downloads\SDK_1.0.3_NUCLEO-F401RE\SDK_1.0.3_NUCLEO-F401RE\lib_stm\libLibraries.a(ucg_dev_ic_st7735.o)
                0x00000000080057f8                ucg_st7735_set_pos_dir0_seq
 *fill*         0x0000000008005816        0x2 
 .rodata.ucg_st7735_set_pos_dir1_seq
                0x0000000008005818       0x21 C:\Users\Admin\Downloads\SDK_1.0.3_NUCLEO-F401RE\SDK_1.0.3_NUCLEO-F401RE\lib_stm\libLibraries.a(ucg_dev_ic_st7735.o)
                0x0000000008005818                ucg_st7735_set_pos_dir1_seq
 *fill*         0x0000000008005839        0x3 
 .rodata.ucg_st7735_set_pos_dir2_seq
                0x000000000800583c       0x21 C:\Users\Admin\Downloads\SDK_1.0.3_NUCLEO-F401RE\SDK_1.0.3_NUCLEO-F401RE\lib_stm\libLibraries.a(ucg_dev_ic_st7735.o)
                0x000000000800583c                ucg_st7735_set_pos_dir2_seq
 *fill*         0x000000000800585d        0x3 
 .rodata.ucg_st7735_set_pos_dir3_seq
                0x0000000008005860       0x24 C:\Users\Admin\Downloads\SDK_1.0.3_NUCLEO-F401RE\SDK_1.0.3_NUCLEO-F401RE\lib_stm\libLibraries.a(ucg_dev_ic_st7735.o)
                0x0000000008005860                ucg_st7735_set_pos_dir3_seq
 .rodata.ucg_st7735_power_down_seq
                0x0000000008005884        0x7 C:\Users\Admin\Downloads\SDK_1.0.3_NUCLEO-F401RE\SDK_1.0.3_NUCLEO-F401RE\lib_stm\libLibraries.a(ucg_dev_ic_st7735.o)
 *fill*         0x000000000800588b        0x1 
 .rodata.ucg_tft_128x160_st7735_init_seq
                0x000000000800588c       0x2c C:\Users\Admin\Downloads\SDK_1.0.3_NUCLEO-F401RE\SDK_1.0.3_NUCLEO-F401RE\lib_stm\libLibraries.a(ucg_dev_tft_128x128_st7735.o)
 .rodata.ucg_font_helvR08_tf
                0x00000000080058b8      0x88b C:\Users\Admin\Downloads\SDK_1.0.3_NUCLEO-F401RE\SDK_1.0.3_NUCLEO-F401RE\lib_stm\libLibraries.a(ucg_pixel_font_data.o)
                0x00000000080058b8                ucg_font_helvR08_tf
                0x0000000008006144                . = ALIGN (0x4)
 *fill*         0x0000000008006143        0x1 

.rel.dyn        0x0000000008006144        0x0
 .rel.iplt      0x0000000008006144        0x0 C:/ST/STM32CubeIDE_1.13.1/STM32CubeIDE/plugins/com.st.stm32cube.ide.mcu.externaltools.gnu-tools-for-stm32.11.3.rel1.win32_1.1.0.202305231506/tools/bin/../lib/gcc/arm-none-eabi/11.3.1/thumb/v7e-m+fp/hard/crtbegin.o

.ARM.extab      0x0000000008006144        0x0
                0x0000000008006144                . = ALIGN (0x4)
 *(.ARM.extab* .gnu.linkonce.armextab.*)
                0x0000000008006144                . = ALIGN (0x4)

.ARM            0x0000000008006144        0x0
                0x0000000008006144                . = ALIGN (0x4)
                0x0000000008006144                __exidx_start = .
 *(.ARM.exidx*)
                0x0000000008006144                __exidx_end = .
                0x0000000008006144                . = ALIGN (0x4)

.preinit_array  0x0000000008006144        0x0
                0x0000000008006144                . = ALIGN (0x4)
                0x0000000008006144                PROVIDE (__preinit_array_start = .)
 *(.preinit_array*)
                0x0000000008006144                PROVIDE (__preinit_array_end = .)
                0x0000000008006144                . = ALIGN (0x4)

.init_array     0x0000000008006144        0x4
                0x0000000008006144                . = ALIGN (0x4)
                0x0000000008006144                PROVIDE (__init_array_start = .)
 *(SORT_BY_NAME(.init_array.*))
 *(.init_array*)
 .init_array    0x0000000008006144        0x4 C:/ST/STM32CubeIDE_1.13.1/STM32CubeIDE/plugins/com.st.stm32cube.ide.mcu.externaltools.gnu-tools-for-stm32.11.3.rel1.win32_1.1.0.202305231506/tools/bin/../lib/gcc/arm-none-eabi/11.3.1/thumb/v7e-m+fp/hard/crtbegin.o
                0x0000000008006148                PROVIDE (__init_array_end = .)
                0x0000000008006148                . = ALIGN (0x4)

.fini_array     0x0000000008006148        0x4
                0x0000000008006148                . = ALIGN (0x4)
                [!provide]                        PROVIDE (__fini_array_start = .)
 *(SORT_BY_NAME(.fini_array.*))
 *(.fini_array*)
 .fini_array    0x0000000008006148        0x4 C:/ST/STM32CubeIDE_1.13.1/STM32CubeIDE/plugins/com.st.stm32cube.ide.mcu.externaltools.gnu-tools-for-stm32.11.3.rel1.win32_1.1.0.202305231506/tools/bin/../lib/gcc/arm-none-eabi/11.3.1/thumb/v7e-m+fp/hard/crtbegin.o
                [!provide]                        PROVIDE (__fini_array_end = .)
                0x000000000800614c                . = ALIGN (0x4)
                0x000000000800614c                _sidata = LOADADDR (.data)

.data           0x0000000020000000       0x6c load address 0x000000000800614c
                0x0000000020000000                . = ALIGN (0x4)
                0x0000000020000000                _sdata = .
 *(.data)
 *(.data*)
 .data.IdTimer  0x0000000020000000        0x1 ./Src/main.o
 *fill*         0x0000000020000001        0x3 
 .data.SystemCoreClock
                0x0000000020000004        0x4 C:\Users\Admin\Downloads\SDK_1.0.3_NUCLEO-F401RE\SDK_1.0.3_NUCLEO-F401RE\lib_stm\libLibraries.a(system_stm32f4xx.o)
                0x0000000020000004                SystemCoreClock
 .data.AHBPrescTable
                0x0000000020000008       0x10 C:\Users\Admin\Downloads\SDK_1.0.3_NUCLEO-F401RE\SDK_1.0.3_NUCLEO-F401RE\lib_stm\libLibraries.a(system_stm32f4xx.o)
                0x0000000020000008                AHBPrescTable
 .data.idBuzz   0x0000000020000018        0x1 C:\Users\Admin\Downloads\SDK_1.0.3_NUCLEO-F401RE\SDK_1.0.3_NUCLEO-F401RE\lib_stm\libLibraries.a(buzzer.o)
 *fill*         0x0000000020000019        0x3 
 .data.pbeep    0x000000002000001c        0x8 C:\Users\Admin\Downloads\SDK_1.0.3_NUCLEO-F401RE\SDK_1.0.3_NUCLEO-F401RE\lib_stm\libLibraries.a(melody.o)
                0x000000002000001c                pbeep
 .data.idTaskScanDecodeLen
                0x0000000020000024        0x1 C:\Users\Admin\Downloads\SDK_1.0.3_NUCLEO-F401RE\SDK_1.0.3_NUCLEO-F401RE\lib_stm\libLibraries.a(ucg_font.o)
 *fill*         0x0000000020000025        0x3 
 .data.APBAHBPrescTable
                0x0000000020000028       0x10 C:\Users\Admin\Downloads\SDK_1.0.3_NUCLEO-F401RE\SDK_1.0.3_NUCLEO-F401RE\lib_stm\libLibraries.a(stm32f401re_rcc.o)
 .data.pinBtnPad
                0x0000000020000038       0x30 C:\Users\Admin\Downloads\SDK_1.0.3_NUCLEO-F401RE\SDK_1.0.3_NUCLEO-F401RE\lib_stm\libLibraries.a(button.o)
 .data.idTaskScanButton
                0x0000000020000068        0x1 C:\Users\Admin\Downloads\SDK_1.0.3_NUCLEO-F401RE\SDK_1.0.3_NUCLEO-F401RE\lib_stm\libLibraries.a(button.o)
 *(.RamFunc)
 *(.RamFunc*)
                0x000000002000006c                . = ALIGN (0x4)
 *fill*         0x0000000020000069        0x3 
                0x000000002000006c                _edata = .

.igot.plt       0x000000002000006c        0x0 load address 0x00000000080061b8
 .igot.plt      0x000000002000006c        0x0 C:/ST/STM32CubeIDE_1.13.1/STM32CubeIDE/plugins/com.st.stm32cube.ide.mcu.externaltools.gnu-tools-for-stm32.11.3.rel1.win32_1.1.0.202305231506/tools/bin/../lib/gcc/arm-none-eabi/11.3.1/thumb/v7e-m+fp/hard/crtbegin.o
                0x000000002000006c                . = ALIGN (0x4)

.bss            0x000000002000006c     0x1430 load address 0x00000000080061b8
                0x000000002000006c                _sbss = .
                0x000000002000006c                __bss_start__ = _sbss
 *(.bss)
 .bss           0x000000002000006c       0x1c C:/ST/STM32CubeIDE_1.13.1/STM32CubeIDE/plugins/com.st.stm32cube.ide.mcu.externaltools.gnu-tools-for-stm32.11.3.rel1.win32_1.1.0.202305231506/tools/bin/../lib/gcc/arm-none-eabi/11.3.1/thumb/v7e-m+fp/hard/crtbegin.o
 *(.bss*)
 .bss.ucg       0x0000000020000088       0xb4 ./Src/main.o
 .bss.eCurrentState
                0x000000002000013c        0x1 ./Src/main.o
                0x000000002000013c                eCurrentState
 .bss.levelLed  0x000000002000013d        0x1 ./Src/main.o
 .bss.count     0x000000002000013e        0x1 ./Src/main.o
 .bss.brightness
                0x000000002000013f        0x1 ./Src/main.o
 .bss.button1count.3
                0x0000000020000140        0x1 ./Src/main.o
 .bss.button2count.2
                0x0000000020000141        0x1 ./Src/main.o
 .bss.button3count.1
                0x0000000020000142        0x1 ./Src/main.o
 .bss.button4count.0
                0x0000000020000143        0x1 ./Src/main.o
 .bss.bBuzzInit
                0x0000000020000144        0x1 C:\Users\Admin\Downloads\SDK_1.0.3_NUCLEO-F401RE\SDK_1.0.3_NUCLEO-F401RE\lib_stm\libLibraries.a(buzzer.o)
 *fill*         0x0000000020000145        0x3 
 .bss.gpToneList
                0x0000000020000148        0x4 C:\Users\Admin\Downloads\SDK_1.0.3_NUCLEO-F401RE\SDK_1.0.3_NUCLEO-F401RE\lib_stm\libLibraries.a(buzzer.o)
 .bss.g_brightnessLed
                0x000000002000014c        0x1 C:\Users\Admin\Downloads\SDK_1.0.3_NUCLEO-F401RE\SDK_1.0.3_NUCLEO-F401RE\lib_stm\libLibraries.a(led.o)
 *fill*         0x000000002000014d        0x3 
 .bss.pAppStateFunc
                0x0000000020000150        0x4 C:\Users\Admin\Downloads\SDK_1.0.3_NUCLEO-F401RE\SDK_1.0.3_NUCLEO-F401RE\lib_stm\libLibraries.a(eventman.o)
 .bss.pBuffEvent
                0x0000000020000154      0x100 C:\Users\Admin\Downloads\SDK_1.0.3_NUCLEO-F401RE\SDK_1.0.3_NUCLEO-F401RE\lib_stm\libLibraries.a(eventman.o)
 .bss.eventQueue
                0x0000000020000254       0x10 C:\Users\Admin\Downloads\SDK_1.0.3_NUCLEO-F401RE\SDK_1.0.3_NUCLEO-F401RE\lib_stm\libLibraries.a(eventman.o)
 .bss.g_pTimerHandle
                0x0000000020000264      0x180 C:\Users\Admin\Downloads\SDK_1.0.3_NUCLEO-F401RE\SDK_1.0.3_NUCLEO-F401RE\lib_stm\libLibraries.a(timer.o)
 .bss.g_wMilSecTickTimer
                0x00000000200003e4        0x4 C:\Users\Admin\Downloads\SDK_1.0.3_NUCLEO-F401RE\SDK_1.0.3_NUCLEO-F401RE\lib_stm\libLibraries.a(timer.o)
 .bss.uhADCConvertedValue
                0x00000000200003e8        0x2 C:\Users\Admin\Downloads\SDK_1.0.3_NUCLEO-F401RE\SDK_1.0.3_NUCLEO-F401RE\lib_stm\libLibraries.a(lightsensor.o)
 *fill*         0x00000000200003ea        0x2 
 .bss.g_pUartQueueRx
                0x00000000200003ec        0x8 C:\Users\Admin\Downloads\SDK_1.0.3_NUCLEO-F401RE\SDK_1.0.3_NUCLEO-F401RE\lib_stm\libLibraries.a(serial.o)
 .bss.fontQueue
                0x00000000200003f4       0x10 C:\Users\Admin\Downloads\SDK_1.0.3_NUCLEO-F401RE\SDK_1.0.3_NUCLEO-F401RE\lib_stm\libLibraries.a(ucg_font.o)
 .bss.pQueueFont
                0x0000000020000404     0x1000 C:\Users\Admin\Downloads\SDK_1.0.3_NUCLEO-F401RE\SDK_1.0.3_NUCLEO-F401RE\lib_stm\libLibraries.a(ucg_font.o)
 .bss.next.7562
                0x0000000020001404        0x1 C:\Users\Admin\Downloads\SDK_1.0.3_NUCLEO-F401RE\SDK_1.0.3_NUCLEO-F401RE\lib_stm\libLibraries.a(ucg_font.o)
 *fill*         0x0000000020001405        0x3 
 .bss.kpad      0x0000000020001408       0x78 C:\Users\Admin\Downloads\SDK_1.0.3_NUCLEO-F401RE\SDK_1.0.3_NUCLEO-F401RE\lib_stm\libLibraries.a(button.o)
 .bss.pEventCallbacks
                0x0000000020001480       0x10 C:\Users\Admin\Downloads\SDK_1.0.3_NUCLEO-F401RE\SDK_1.0.3_NUCLEO-F401RE\lib_stm\libLibraries.a(button.o)
 *(COMMON)
 COMMON         0x0000000020001490        0xc C:\Users\Admin\Downloads\SDK_1.0.3_NUCLEO-F401RE\SDK_1.0.3_NUCLEO-F401RE\lib_stm\libLibraries.a(ucg_font.o)
                0x0000000020001490                ucg_draw_str
                0x000000002000149c                . = ALIGN (0x4)
                0x000000002000149c                _ebss = .
                0x000000002000149c                __bss_end__ = _ebss

._user_heap_stack
                0x000000002000149c      0x604 load address 0x00000000080061b8
                0x00000000200014a0                . = ALIGN (0x8)
 *fill*         0x000000002000149c        0x4 
                [!provide]                        PROVIDE (end = .)
                0x00000000200014a0                PROVIDE (_end = .)
                0x00000000200016a0                . = (. + _Min_Heap_Size)
 *fill*         0x00000000200014a0      0x200 
                0x0000000020001aa0                . = (. + _Min_Stack_Size)
 *fill*         0x00000000200016a0      0x400 
                0x0000000020001aa0                . = ALIGN (0x8)

/DISCARD/
 libc.a(*)
 libm.a(*)
 libgcc.a(*)

.ARM.attributes
                0x0000000000000000       0x30
 *(.ARM.attributes)
 .ARM.attributes
                0x0000000000000000       0x1e C:/ST/STM32CubeIDE_1.13.1/STM32CubeIDE/plugins/com.st.stm32cube.ide.mcu.externaltools.gnu-tools-for-stm32.11.3.rel1.win32_1.1.0.202305231506/tools/bin/../lib/gcc/arm-none-eabi/11.3.1/thumb/v7e-m+fp/hard/crti.o
 .ARM.attributes
                0x000000000000001e       0x34 C:/ST/STM32CubeIDE_1.13.1/STM32CubeIDE/plugins/com.st.stm32cube.ide.mcu.externaltools.gnu-tools-for-stm32.11.3.rel1.win32_1.1.0.202305231506/tools/bin/../lib/gcc/arm-none-eabi/11.3.1/thumb/v7e-m+fp/hard/crtbegin.o
 .ARM.attributes
                0x0000000000000052       0x34 ./Src/main.o
 .ARM.attributes
                0x0000000000000086       0x21 ./Startup/startup_stm32f401retx.o
 .ARM.attributes
                0x00000000000000a7       0x39 C:\Users\Admin\Downloads\SDK_1.0.3_NUCLEO-F401RE\SDK_1.0.3_NUCLEO-F401RE\lib_stm\libLibraries.a(system_stm32f4xx.o)
 .ARM.attributes
                0x00000000000000e0       0x39 C:\Users\Admin\Downloads\SDK_1.0.3_NUCLEO-F401RE\SDK_1.0.3_NUCLEO-F401RE\lib_stm\libLibraries.a(eventbutton.o)
 .ARM.attributes
                0x0000000000000119       0x39 C:\Users\Admin\Downloads\SDK_1.0.3_NUCLEO-F401RE\SDK_1.0.3_NUCLEO-F401RE\lib_stm\libLibraries.a(buzzer.o)
 .ARM.attributes
                0x0000000000000152       0x39 C:\Users\Admin\Downloads\SDK_1.0.3_NUCLEO-F401RE\SDK_1.0.3_NUCLEO-F401RE\lib_stm\libLibraries.a(melody.o)
 .ARM.attributes
                0x000000000000018b       0x39 C:\Users\Admin\Downloads\SDK_1.0.3_NUCLEO-F401RE\SDK_1.0.3_NUCLEO-F401RE\lib_stm\libLibraries.a(led.o)
 .ARM.attributes
                0x00000000000001c4       0x39 C:\Users\Admin\Downloads\SDK_1.0.3_NUCLEO-F401RE\SDK_1.0.3_NUCLEO-F401RE\lib_stm\libLibraries.a(eventman.o)
 .ARM.attributes
                0x00000000000001fd       0x39 C:\Users\Admin\Downloads\SDK_1.0.3_NUCLEO-F401RE\SDK_1.0.3_NUCLEO-F401RE\lib_stm\libLibraries.a(timer.o)
 .ARM.attributes
                0x0000000000000236       0x39 C:\Users\Admin\Downloads\SDK_1.0.3_NUCLEO-F401RE\SDK_1.0.3_NUCLEO-F401RE\lib_stm\libLibraries.a(lightsensor.o)
 .ARM.attributes
                0x000000000000026f       0x39 C:\Users\Admin\Downloads\SDK_1.0.3_NUCLEO-F401RE\SDK_1.0.3_NUCLEO-F401RE\lib_stm\libLibraries.a(temhumsensor.o)
 .ARM.attributes
                0x00000000000002a8       0x39 C:\Users\Admin\Downloads\SDK_1.0.3_NUCLEO-F401RE\SDK_1.0.3_NUCLEO-F401RE\lib_stm\libLibraries.a(serial.o)
 .ARM.attributes
                0x00000000000002e1       0x39 C:\Users\Admin\Downloads\SDK_1.0.3_NUCLEO-F401RE\SDK_1.0.3_NUCLEO-F401RE\lib_stm\libLibraries.a(Ucglib.o)
 .ARM.attributes
                0x000000000000031a       0x39 C:\Users\Admin\Downloads\SDK_1.0.3_NUCLEO-F401RE\SDK_1.0.3_NUCLEO-F401RE\lib_stm\libLibraries.a(ucg_box.o)
 .ARM.attributes
                0x0000000000000353       0x39 C:\Users\Admin\Downloads\SDK_1.0.3_NUCLEO-F401RE\SDK_1.0.3_NUCLEO-F401RE\lib_stm\libLibraries.a(ucg_ccs.o)
 .ARM.attributes
                0x000000000000038c       0x39 C:\Users\Admin\Downloads\SDK_1.0.3_NUCLEO-F401RE\SDK_1.0.3_NUCLEO-F401RE\lib_stm\libLibraries.a(ucg_dev_default_cb.o)
 .ARM.attributes
                0x00000000000003c5       0x39 C:\Users\Admin\Downloads\SDK_1.0.3_NUCLEO-F401RE\SDK_1.0.3_NUCLEO-F401RE\lib_stm\libLibraries.a(ucg_dev_ic_st7735.o)
 .ARM.attributes
                0x00000000000003fe       0x39 C:\Users\Admin\Downloads\SDK_1.0.3_NUCLEO-F401RE\SDK_1.0.3_NUCLEO-F401RE\lib_stm\libLibraries.a(ucg_dev_msg_api.o)
 .ARM.attributes
                0x0000000000000437       0x39 C:\Users\Admin\Downloads\SDK_1.0.3_NUCLEO-F401RE\SDK_1.0.3_NUCLEO-F401RE\lib_stm\libLibraries.a(ucg_dev_tft_128x128_st7735.o)
 .ARM.attributes
                0x0000000000000470       0x39 C:\Users\Admin\Downloads\SDK_1.0.3_NUCLEO-F401RE\SDK_1.0.3_NUCLEO-F401RE\lib_stm\libLibraries.a(ucg_font.o)
 .ARM.attributes
                0x00000000000004a9       0x39 C:\Users\Admin\Downloads\SDK_1.0.3_NUCLEO-F401RE\SDK_1.0.3_NUCLEO-F401RE\lib_stm\libLibraries.a(ucg_init.o)
 .ARM.attributes
                0x00000000000004e2       0x39 C:\Users\Admin\Downloads\SDK_1.0.3_NUCLEO-F401RE\SDK_1.0.3_NUCLEO-F401RE\lib_stm\libLibraries.a(ucg_line.o)
 .ARM.attributes
                0x000000000000051b       0x39 C:\Users\Admin\Downloads\SDK_1.0.3_NUCLEO-F401RE\SDK_1.0.3_NUCLEO-F401RE\lib_stm\libLibraries.a(ucg_pixel.o)
 .ARM.attributes
                0x0000000000000554       0x39 C:\Users\Admin\Downloads\SDK_1.0.3_NUCLEO-F401RE\SDK_1.0.3_NUCLEO-F401RE\lib_stm\libLibraries.a(ucg_pixel_font_data.o)
 .ARM.attributes
                0x000000000000058d       0x39 C:\Users\Admin\Downloads\SDK_1.0.3_NUCLEO-F401RE\SDK_1.0.3_NUCLEO-F401RE\lib_stm\libLibraries.a(ucg_rotate.o)
 .ARM.attributes
                0x00000000000005c6       0x39 C:\Users\Admin\Downloads\SDK_1.0.3_NUCLEO-F401RE\SDK_1.0.3_NUCLEO-F401RE\lib_stm\libLibraries.a(buff.o)
 .ARM.attributes
                0x00000000000005ff       0x39 C:\Users\Admin\Downloads\SDK_1.0.3_NUCLEO-F401RE\SDK_1.0.3_NUCLEO-F401RE\lib_stm\libLibraries.a(utilities.o)
 .ARM.attributes
                0x0000000000000638       0x39 C:\Users\Admin\Downloads\SDK_1.0.3_NUCLEO-F401RE\SDK_1.0.3_NUCLEO-F401RE\lib_stm\libLibraries.a(stm32f401re_adc.o)
 .ARM.attributes
                0x0000000000000671       0x39 C:\Users\Admin\Downloads\SDK_1.0.3_NUCLEO-F401RE\SDK_1.0.3_NUCLEO-F401RE\lib_stm\libLibraries.a(stm32f401re_dma.o)
 .ARM.attributes
                0x00000000000006aa       0x39 C:\Users\Admin\Downloads\SDK_1.0.3_NUCLEO-F401RE\SDK_1.0.3_NUCLEO-F401RE\lib_stm\libLibraries.a(stm32f401re_gpio.o)
 .ARM.attributes
                0x00000000000006e3       0x39 C:\Users\Admin\Downloads\SDK_1.0.3_NUCLEO-F401RE\SDK_1.0.3_NUCLEO-F401RE\lib_stm\libLibraries.a(stm32f401re_i2c.o)
 .ARM.attributes
                0x000000000000071c       0x39 C:\Users\Admin\Downloads\SDK_1.0.3_NUCLEO-F401RE\SDK_1.0.3_NUCLEO-F401RE\lib_stm\libLibraries.a(stm32f401re_rcc.o)
 .ARM.attributes
                0x0000000000000755       0x39 C:\Users\Admin\Downloads\SDK_1.0.3_NUCLEO-F401RE\SDK_1.0.3_NUCLEO-F401RE\lib_stm\libLibraries.a(stm32f401re_tim.o)
 .ARM.attributes
                0x000000000000078e       0x39 C:\Users\Admin\Downloads\SDK_1.0.3_NUCLEO-F401RE\SDK_1.0.3_NUCLEO-F401RE\lib_stm\libLibraries.a(stm32f401re_usart.o)
 .ARM.attributes
                0x00000000000007c7       0x39 C:\Users\Admin\Downloads\SDK_1.0.3_NUCLEO-F401RE\SDK_1.0.3_NUCLEO-F401RE\lib_stm\libLibraries.a(button.o)
 .ARM.attributes
                0x0000000000000800       0x39 C:\Users\Admin\Downloads\SDK_1.0.3_NUCLEO-F401RE\SDK_1.0.3_NUCLEO-F401RE\lib_stm\libLibraries.a(ucg_clip.o)
 .ARM.attributes
                0x0000000000000839       0x39 C:\Users\Admin\Downloads\SDK_1.0.3_NUCLEO-F401RE\SDK_1.0.3_NUCLEO-F401RE\lib_stm\libLibraries.a(ucg_com_msg_api.o)
 .ARM.attributes
                0x0000000000000872       0x34 C:/ST/STM32CubeIDE_1.13.1/STM32CubeIDE/plugins/com.st.stm32cube.ide.mcu.externaltools.gnu-tools-for-stm32.11.3.rel1.win32_1.1.0.202305231506/tools/bin/../lib/gcc/arm-none-eabi/11.3.1/../../../../arm-none-eabi/lib/thumb/v7e-m+fp/hard\libc_nano.a(libc_a-init.o)
 .ARM.attributes
                0x00000000000008a6       0x1e C:/ST/STM32CubeIDE_1.13.1/STM32CubeIDE/plugins/com.st.stm32cube.ide.mcu.externaltools.gnu-tools-for-stm32.11.3.rel1.win32_1.1.0.202305231506/tools/bin/../lib/gcc/arm-none-eabi/11.3.1/thumb/v7e-m+fp/hard/crtn.o
OUTPUT(TouchSwitch_MCU_V1.0.0.elf elf32-littlearm)
LOAD linker stubs
LOAD C:/ST/STM32CubeIDE_1.13.1/STM32CubeIDE/plugins/com.st.stm32cube.ide.mcu.externaltools.gnu-tools-for-stm32.11.3.rel1.win32_1.1.0.202305231506/tools/bin/../lib/gcc/arm-none-eabi/11.3.1/../../../../arm-none-eabi/lib/thumb/v7e-m+fp/hard\libc.a
LOAD C:/ST/STM32CubeIDE_1.13.1/STM32CubeIDE/plugins/com.st.stm32cube.ide.mcu.externaltools.gnu-tools-for-stm32.11.3.rel1.win32_1.1.0.202305231506/tools/bin/../lib/gcc/arm-none-eabi/11.3.1/../../../../arm-none-eabi/lib/thumb/v7e-m+fp/hard\libm.a
LOAD C:/ST/STM32CubeIDE_1.13.1/STM32CubeIDE/plugins/com.st.stm32cube.ide.mcu.externaltools.gnu-tools-for-stm32.11.3.rel1.win32_1.1.0.202305231506/tools/bin/../lib/gcc/arm-none-eabi/11.3.1/thumb/v7e-m+fp/hard\libgcc.a

.comment        0x0000000000000000       0xbe
 .comment       0x0000000000000000       0x43 C:/ST/STM32CubeIDE_1.13.1/STM32CubeIDE/plugins/com.st.stm32cube.ide.mcu.externaltools.gnu-tools-for-stm32.11.3.rel1.win32_1.1.0.202305231506/tools/bin/../lib/gcc/arm-none-eabi/11.3.1/thumb/v7e-m+fp/hard/crtbegin.o
                                         0x44 (size before relaxing)
 .comment       0x0000000000000043       0x44 ./Src/main.o
 .comment       0x0000000000000043       0x7b C:\Users\Admin\Downloads\SDK_1.0.3_NUCLEO-F401RE\SDK_1.0.3_NUCLEO-F401RE\lib_stm\libLibraries.a(system_stm32f4xx.o)
                                         0x7c (size before relaxing)
 .comment       0x00000000000000be       0x7c C:\Users\Admin\Downloads\SDK_1.0.3_NUCLEO-F401RE\SDK_1.0.3_NUCLEO-F401RE\lib_stm\libLibraries.a(eventbutton.o)
 .comment       0x00000000000000be       0x7c C:\Users\Admin\Downloads\SDK_1.0.3_NUCLEO-F401RE\SDK_1.0.3_NUCLEO-F401RE\lib_stm\libLibraries.a(buzzer.o)
 .comment       0x00000000000000be       0x7c C:\Users\Admin\Downloads\SDK_1.0.3_NUCLEO-F401RE\SDK_1.0.3_NUCLEO-F401RE\lib_stm\libLibraries.a(melody.o)
 .comment       0x00000000000000be       0x7c C:\Users\Admin\Downloads\SDK_1.0.3_NUCLEO-F401RE\SDK_1.0.3_NUCLEO-F401RE\lib_stm\libLibraries.a(led.o)
 .comment       0x00000000000000be       0x7c C:\Users\Admin\Downloads\SDK_1.0.3_NUCLEO-F401RE\SDK_1.0.3_NUCLEO-F401RE\lib_stm\libLibraries.a(eventman.o)
 .comment       0x00000000000000be       0x7c C:\Users\Admin\Downloads\SDK_1.0.3_NUCLEO-F401RE\SDK_1.0.3_NUCLEO-F401RE\lib_stm\libLibraries.a(timer.o)
 .comment       0x00000000000000be       0x7c C:\Users\Admin\Downloads\SDK_1.0.3_NUCLEO-F401RE\SDK_1.0.3_NUCLEO-F401RE\lib_stm\libLibraries.a(lightsensor.o)
 .comment       0x00000000000000be       0x7c C:\Users\Admin\Downloads\SDK_1.0.3_NUCLEO-F401RE\SDK_1.0.3_NUCLEO-F401RE\lib_stm\libLibraries.a(temhumsensor.o)
 .comment       0x00000000000000be       0x7c C:\Users\Admin\Downloads\SDK_1.0.3_NUCLEO-F401RE\SDK_1.0.3_NUCLEO-F401RE\lib_stm\libLibraries.a(serial.o)
 .comment       0x00000000000000be       0x7c C:\Users\Admin\Downloads\SDK_1.0.3_NUCLEO-F401RE\SDK_1.0.3_NUCLEO-F401RE\lib_stm\libLibraries.a(Ucglib.o)
 .comment       0x00000000000000be       0x7c C:\Users\Admin\Downloads\SDK_1.0.3_NUCLEO-F401RE\SDK_1.0.3_NUCLEO-F401RE\lib_stm\libLibraries.a(ucg_box.o)
 .comment       0x00000000000000be       0x7c C:\Users\Admin\Downloads\SDK_1.0.3_NUCLEO-F401RE\SDK_1.0.3_NUCLEO-F401RE\lib_stm\libLibraries.a(ucg_ccs.o)
 .comment       0x00000000000000be       0x7c C:\Users\Admin\Downloads\SDK_1.0.3_NUCLEO-F401RE\SDK_1.0.3_NUCLEO-F401RE\lib_stm\libLibraries.a(ucg_dev_default_cb.o)
 .comment       0x00000000000000be       0x7c C:\Users\Admin\Downloads\SDK_1.0.3_NUCLEO-F401RE\SDK_1.0.3_NUCLEO-F401RE\lib_stm\libLibraries.a(ucg_dev_ic_st7735.o)
 .comment       0x00000000000000be       0x7c C:\Users\Admin\Downloads\SDK_1.0.3_NUCLEO-F401RE\SDK_1.0.3_NUCLEO-F401RE\lib_stm\libLibraries.a(ucg_dev_msg_api.o)
 .comment       0x00000000000000be       0x7c C:\Users\Admin\Downloads\SDK_1.0.3_NUCLEO-F401RE\SDK_1.0.3_NUCLEO-F401RE\lib_stm\libLibraries.a(ucg_dev_tft_128x128_st7735.o)
 .comment       0x00000000000000be       0x7c C:\Users\Admin\Downloads\SDK_1.0.3_NUCLEO-F401RE\SDK_1.0.3_NUCLEO-F401RE\lib_stm\libLibraries.a(ucg_font.o)
 .comment       0x00000000000000be       0x7c C:\Users\Admin\Downloads\SDK_1.0.3_NUCLEO-F401RE\SDK_1.0.3_NUCLEO-F401RE\lib_stm\libLibraries.a(ucg_init.o)
 .comment       0x00000000000000be       0x7c C:\Users\Admin\Downloads\SDK_1.0.3_NUCLEO-F401RE\SDK_1.0.3_NUCLEO-F401RE\lib_stm\libLibraries.a(ucg_line.o)
 .comment       0x00000000000000be       0x7c C:\Users\Admin\Downloads\SDK_1.0.3_NUCLEO-F401RE\SDK_1.0.3_NUCLEO-F401RE\lib_stm\libLibraries.a(ucg_pixel.o)
 .comment       0x00000000000000be       0x7c C:\Users\Admin\Downloads\SDK_1.0.3_NUCLEO-F401RE\SDK_1.0.3_NUCLEO-F401RE\lib_stm\libLibraries.a(ucg_pixel_font_data.o)
 .comment       0x00000000000000be       0x7c C:\Users\Admin\Downloads\SDK_1.0.3_NUCLEO-F401RE\SDK_1.0.3_NUCLEO-F401RE\lib_stm\libLibraries.a(ucg_rotate.o)
 .comment       0x00000000000000be       0x7c C:\Users\Admin\Downloads\SDK_1.0.3_NUCLEO-F401RE\SDK_1.0.3_NUCLEO-F401RE\lib_stm\libLibraries.a(buff.o)
 .comment       0x00000000000000be       0x7c C:\Users\Admin\Downloads\SDK_1.0.3_NUCLEO-F401RE\SDK_1.0.3_NUCLEO-F401RE\lib_stm\libLibraries.a(utilities.o)
 .comment       0x00000000000000be       0x7c C:\Users\Admin\Downloads\SDK_1.0.3_NUCLEO-F401RE\SDK_1.0.3_NUCLEO-F401RE\lib_stm\libLibraries.a(stm32f401re_adc.o)
 .comment       0x00000000000000be       0x7c C:\Users\Admin\Downloads\SDK_1.0.3_NUCLEO-F401RE\SDK_1.0.3_NUCLEO-F401RE\lib_stm\libLibraries.a(stm32f401re_dma.o)
 .comment       0x00000000000000be       0x7c C:\Users\Admin\Downloads\SDK_1.0.3_NUCLEO-F401RE\SDK_1.0.3_NUCLEO-F401RE\lib_stm\libLibraries.a(stm32f401re_gpio.o)
 .comment       0x00000000000000be       0x7c C:\Users\Admin\Downloads\SDK_1.0.3_NUCLEO-F401RE\SDK_1.0.3_NUCLEO-F401RE\lib_stm\libLibraries.a(stm32f401re_i2c.o)
 .comment       0x00000000000000be       0x7c C:\Users\Admin\Downloads\SDK_1.0.3_NUCLEO-F401RE\SDK_1.0.3_NUCLEO-F401RE\lib_stm\libLibraries.a(stm32f401re_rcc.o)
 .comment       0x00000000000000be       0x7c C:\Users\Admin\Downloads\SDK_1.0.3_NUCLEO-F401RE\SDK_1.0.3_NUCLEO-F401RE\lib_stm\libLibraries.a(stm32f401re_tim.o)
 .comment       0x00000000000000be       0x7c C:\Users\Admin\Downloads\SDK_1.0.3_NUCLEO-F401RE\SDK_1.0.3_NUCLEO-F401RE\lib_stm\libLibraries.a(stm32f401re_usart.o)
 .comment       0x00000000000000be       0x7c C:\Users\Admin\Downloads\SDK_1.0.3_NUCLEO-F401RE\SDK_1.0.3_NUCLEO-F401RE\lib_stm\libLibraries.a(button.o)
 .comment       0x00000000000000be       0x7c C:\Users\Admin\Downloads\SDK_1.0.3_NUCLEO-F401RE\SDK_1.0.3_NUCLEO-F401RE\lib_stm\libLibraries.a(ucg_clip.o)
 .comment       0x00000000000000be       0x7c C:\Users\Admin\Downloads\SDK_1.0.3_NUCLEO-F401RE\SDK_1.0.3_NUCLEO-F401RE\lib_stm\libLibraries.a(ucg_com_msg_api.o)

.debug_info     0x0000000000000000    0x3caf9
 .debug_info    0x0000000000000000      0xf0e ./Src/main.o
 .debug_info    0x0000000000000f0e       0x23 ./Startup/startup_stm32f401retx.o
 .debug_info    0x0000000000000f31      0x5bb C:\Users\Admin\Downloads\SDK_1.0.3_NUCLEO-F401RE\SDK_1.0.3_NUCLEO-F401RE\lib_stm\libLibraries.a(system_stm32f4xx.o)
 .debug_info    0x00000000000014ec      0x425 C:\Users\Admin\Downloads\SDK_1.0.3_NUCLEO-F401RE\SDK_1.0.3_NUCLEO-F401RE\lib_stm\libLibraries.a(eventbutton.o)
 .debug_info    0x0000000000001911      0x7f2 C:\Users\Admin\Downloads\SDK_1.0.3_NUCLEO-F401RE\SDK_1.0.3_NUCLEO-F401RE\lib_stm\libLibraries.a(buzzer.o)
 .debug_info    0x0000000000002103      0x161 C:\Users\Admin\Downloads\SDK_1.0.3_NUCLEO-F401RE\SDK_1.0.3_NUCLEO-F401RE\lib_stm\libLibraries.a(melody.o)
 .debug_info    0x0000000000002264      0x9b4 C:\Users\Admin\Downloads\SDK_1.0.3_NUCLEO-F401RE\SDK_1.0.3_NUCLEO-F401RE\lib_stm\libLibraries.a(led.o)
 .debug_info    0x0000000000002c18      0x1f7 C:\Users\Admin\Downloads\SDK_1.0.3_NUCLEO-F401RE\SDK_1.0.3_NUCLEO-F401RE\lib_stm\libLibraries.a(eventman.o)
 .debug_info    0x0000000000002e0f      0x922 C:\Users\Admin\Downloads\SDK_1.0.3_NUCLEO-F401RE\SDK_1.0.3_NUCLEO-F401RE\lib_stm\libLibraries.a(timer.o)
 .debug_info    0x0000000000003731      0x6ec C:\Users\Admin\Downloads\SDK_1.0.3_NUCLEO-F401RE\SDK_1.0.3_NUCLEO-F401RE\lib_stm\libLibraries.a(lightsensor.o)
 .debug_info    0x0000000000003e1d      0xafd C:\Users\Admin\Downloads\SDK_1.0.3_NUCLEO-F401RE\SDK_1.0.3_NUCLEO-F401RE\lib_stm\libLibraries.a(temhumsensor.o)
 .debug_info    0x000000000000491a      0xb11 C:\Users\Admin\Downloads\SDK_1.0.3_NUCLEO-F401RE\SDK_1.0.3_NUCLEO-F401RE\lib_stm\libLibraries.a(serial.o)
 .debug_info    0x000000000000542b     0x333f C:\Users\Admin\Downloads\SDK_1.0.3_NUCLEO-F401RE\SDK_1.0.3_NUCLEO-F401RE\lib_stm\libLibraries.a(Ucglib.o)
 .debug_info    0x000000000000876a     0x329d C:\Users\Admin\Downloads\SDK_1.0.3_NUCLEO-F401RE\SDK_1.0.3_NUCLEO-F401RE\lib_stm\libLibraries.a(ucg_box.o)
 .debug_info    0x000000000000ba07     0x2b08 C:\Users\Admin\Downloads\SDK_1.0.3_NUCLEO-F401RE\SDK_1.0.3_NUCLEO-F401RE\lib_stm\libLibraries.a(ucg_ccs.o)
 .debug_info    0x000000000000e50f     0x324b C:\Users\Admin\Downloads\SDK_1.0.3_NUCLEO-F401RE\SDK_1.0.3_NUCLEO-F401RE\lib_stm\libLibraries.a(ucg_dev_default_cb.o)
 .debug_info    0x000000000001175a     0x3272 C:\Users\Admin\Downloads\SDK_1.0.3_NUCLEO-F401RE\SDK_1.0.3_NUCLEO-F401RE\lib_stm\libLibraries.a(ucg_dev_ic_st7735.o)
 .debug_info    0x00000000000149cc     0x3178 C:\Users\Admin\Downloads\SDK_1.0.3_NUCLEO-F401RE\SDK_1.0.3_NUCLEO-F401RE\lib_stm\libLibraries.a(ucg_dev_msg_api.o)
 .debug_info    0x0000000000017b44     0x303e C:\Users\Admin\Downloads\SDK_1.0.3_NUCLEO-F401RE\SDK_1.0.3_NUCLEO-F401RE\lib_stm\libLibraries.a(ucg_dev_tft_128x128_st7735.o)
 .debug_info    0x000000000001ab82     0x43ab C:\Users\Admin\Downloads\SDK_1.0.3_NUCLEO-F401RE\SDK_1.0.3_NUCLEO-F401RE\lib_stm\libLibraries.a(ucg_font.o)
 .debug_info    0x000000000001ef2d     0x3856 C:\Users\Admin\Downloads\SDK_1.0.3_NUCLEO-F401RE\SDK_1.0.3_NUCLEO-F401RE\lib_stm\libLibraries.a(ucg_init.o)
 .debug_info    0x0000000000022783     0x3222 C:\Users\Admin\Downloads\SDK_1.0.3_NUCLEO-F401RE\SDK_1.0.3_NUCLEO-F401RE\lib_stm\libLibraries.a(ucg_line.o)
 .debug_info    0x00000000000259a5     0x3056 C:\Users\Admin\Downloads\SDK_1.0.3_NUCLEO-F401RE\SDK_1.0.3_NUCLEO-F401RE\lib_stm\libLibraries.a(ucg_pixel.o)
 .debug_info    0x00000000000289fb     0x43df C:\Users\Admin\Downloads\SDK_1.0.3_NUCLEO-F401RE\SDK_1.0.3_NUCLEO-F401RE\lib_stm\libLibraries.a(ucg_pixel_font_data.o)
 .debug_info    0x000000000002cdda     0x3231 C:\Users\Admin\Downloads\SDK_1.0.3_NUCLEO-F401RE\SDK_1.0.3_NUCLEO-F401RE\lib_stm\libLibraries.a(ucg_rotate.o)
 .debug_info    0x000000000003000b      0x339 C:\Users\Admin\Downloads\SDK_1.0.3_NUCLEO-F401RE\SDK_1.0.3_NUCLEO-F401RE\lib_stm\libLibraries.a(buff.o)
 .debug_info    0x0000000000030344      0x2bd C:\Users\Admin\Downloads\SDK_1.0.3_NUCLEO-F401RE\SDK_1.0.3_NUCLEO-F401RE\lib_stm\libLibraries.a(utilities.o)
 .debug_info    0x0000000000030601      0xc5d C:\Users\Admin\Downloads\SDK_1.0.3_NUCLEO-F401RE\SDK_1.0.3_NUCLEO-F401RE\lib_stm\libLibraries.a(stm32f401re_adc.o)
 .debug_info    0x000000000003125e      0x74b C:\Users\Admin\Downloads\SDK_1.0.3_NUCLEO-F401RE\SDK_1.0.3_NUCLEO-F401RE\lib_stm\libLibraries.a(stm32f401re_dma.o)
 .debug_info    0x00000000000319a9      0x62b C:\Users\Admin\Downloads\SDK_1.0.3_NUCLEO-F401RE\SDK_1.0.3_NUCLEO-F401RE\lib_stm\libLibraries.a(stm32f401re_gpio.o)
 .debug_info    0x0000000000031fd4      0xb9e C:\Users\Admin\Downloads\SDK_1.0.3_NUCLEO-F401RE\SDK_1.0.3_NUCLEO-F401RE\lib_stm\libLibraries.a(stm32f401re_i2c.o)
 .debug_info    0x0000000000032b72      0xd5e C:\Users\Admin\Downloads\SDK_1.0.3_NUCLEO-F401RE\SDK_1.0.3_NUCLEO-F401RE\lib_stm\libLibraries.a(stm32f401re_rcc.o)
 .debug_info    0x00000000000338d0     0x1c73 C:\Users\Admin\Downloads\SDK_1.0.3_NUCLEO-F401RE\SDK_1.0.3_NUCLEO-F401RE\lib_stm\libLibraries.a(stm32f401re_tim.o)
 .debug_info    0x0000000000035543      0x9d4 C:\Users\Admin\Downloads\SDK_1.0.3_NUCLEO-F401RE\SDK_1.0.3_NUCLEO-F401RE\lib_stm\libLibraries.a(stm32f401re_usart.o)
 .debug_info    0x0000000000035f17      0x5fe C:\Users\Admin\Downloads\SDK_1.0.3_NUCLEO-F401RE\SDK_1.0.3_NUCLEO-F401RE\lib_stm\libLibraries.a(button.o)
 .debug_info    0x0000000000036515     0x315a C:\Users\Admin\Downloads\SDK_1.0.3_NUCLEO-F401RE\SDK_1.0.3_NUCLEO-F401RE\lib_stm\libLibraries.a(ucg_clip.o)
 .debug_info    0x000000000003966f     0x348a C:\Users\Admin\Downloads\SDK_1.0.3_NUCLEO-F401RE\SDK_1.0.3_NUCLEO-F401RE\lib_stm\libLibraries.a(ucg_com_msg_api.o)

.debug_abbrev   0x0000000000000000     0x3b18
 .debug_abbrev  0x0000000000000000      0x324 ./Src/main.o
 .debug_abbrev  0x0000000000000324       0x12 ./Startup/startup_stm32f401retx.o
 .debug_abbrev  0x0000000000000336      0x138 C:\Users\Admin\Downloads\SDK_1.0.3_NUCLEO-F401RE\SDK_1.0.3_NUCLEO-F401RE\lib_stm\libLibraries.a(system_stm32f4xx.o)
 .debug_abbrev  0x000000000000046e       0xce C:\Users\Admin\Downloads\SDK_1.0.3_NUCLEO-F401RE\SDK_1.0.3_NUCLEO-F401RE\lib_stm\libLibraries.a(eventbutton.o)
 .debug_abbrev  0x000000000000053c      0x1d2 C:\Users\Admin\Downloads\SDK_1.0.3_NUCLEO-F401RE\SDK_1.0.3_NUCLEO-F401RE\lib_stm\libLibraries.a(buzzer.o)
 .debug_abbrev  0x000000000000070e       0x80 C:\Users\Admin\Downloads\SDK_1.0.3_NUCLEO-F401RE\SDK_1.0.3_NUCLEO-F401RE\lib_stm\libLibraries.a(melody.o)
 .debug_abbrev  0x000000000000078e      0x20c C:\Users\Admin\Downloads\SDK_1.0.3_NUCLEO-F401RE\SDK_1.0.3_NUCLEO-F401RE\lib_stm\libLibraries.a(led.o)
 .debug_abbrev  0x000000000000099a      0x110 C:\Users\Admin\Downloads\SDK_1.0.3_NUCLEO-F401RE\SDK_1.0.3_NUCLEO-F401RE\lib_stm\libLibraries.a(eventman.o)
 .debug_abbrev  0x0000000000000aaa      0x29a C:\Users\Admin\Downloads\SDK_1.0.3_NUCLEO-F401RE\SDK_1.0.3_NUCLEO-F401RE\lib_stm\libLibraries.a(timer.o)
 .debug_abbrev  0x0000000000000d44      0x183 C:\Users\Admin\Downloads\SDK_1.0.3_NUCLEO-F401RE\SDK_1.0.3_NUCLEO-F401RE\lib_stm\libLibraries.a(lightsensor.o)
 .debug_abbrev  0x0000000000000ec7      0x24a C:\Users\Admin\Downloads\SDK_1.0.3_NUCLEO-F401RE\SDK_1.0.3_NUCLEO-F401RE\lib_stm\libLibraries.a(temhumsensor.o)
 .debug_abbrev  0x0000000000001111      0x2ba C:\Users\Admin\Downloads\SDK_1.0.3_NUCLEO-F401RE\SDK_1.0.3_NUCLEO-F401RE\lib_stm\libLibraries.a(serial.o)
 .debug_abbrev  0x00000000000013cb      0x202 C:\Users\Admin\Downloads\SDK_1.0.3_NUCLEO-F401RE\SDK_1.0.3_NUCLEO-F401RE\lib_stm\libLibraries.a(Ucglib.o)
 .debug_abbrev  0x00000000000015cd      0x18b C:\Users\Admin\Downloads\SDK_1.0.3_NUCLEO-F401RE\SDK_1.0.3_NUCLEO-F401RE\lib_stm\libLibraries.a(ucg_box.o)
 .debug_abbrev  0x0000000000001758       0xf5 C:\Users\Admin\Downloads\SDK_1.0.3_NUCLEO-F401RE\SDK_1.0.3_NUCLEO-F401RE\lib_stm\libLibraries.a(ucg_ccs.o)
 .debug_abbrev  0x000000000000184d      0x19e C:\Users\Admin\Downloads\SDK_1.0.3_NUCLEO-F401RE\SDK_1.0.3_NUCLEO-F401RE\lib_stm\libLibraries.a(ucg_dev_default_cb.o)
 .debug_abbrev  0x00000000000019eb      0x1dc C:\Users\Admin\Downloads\SDK_1.0.3_NUCLEO-F401RE\SDK_1.0.3_NUCLEO-F401RE\lib_stm\libLibraries.a(ucg_dev_ic_st7735.o)
 .debug_abbrev  0x0000000000001bc7      0x191 C:\Users\Admin\Downloads\SDK_1.0.3_NUCLEO-F401RE\SDK_1.0.3_NUCLEO-F401RE\lib_stm\libLibraries.a(ucg_dev_msg_api.o)
 .debug_abbrev  0x0000000000001d58      0x14e C:\Users\Admin\Downloads\SDK_1.0.3_NUCLEO-F401RE\SDK_1.0.3_NUCLEO-F401RE\lib_stm\libLibraries.a(ucg_dev_tft_128x128_st7735.o)
 .debug_abbrev  0x0000000000001ea6      0x2fc C:\Users\Admin\Downloads\SDK_1.0.3_NUCLEO-F401RE\SDK_1.0.3_NUCLEO-F401RE\lib_stm\libLibraries.a(ucg_font.o)
 .debug_abbrev  0x00000000000021a2      0x1c6 C:\Users\Admin\Downloads\SDK_1.0.3_NUCLEO-F401RE\SDK_1.0.3_NUCLEO-F401RE\lib_stm\libLibraries.a(ucg_init.o)
 .debug_abbrev  0x0000000000002368      0x175 C:\Users\Admin\Downloads\SDK_1.0.3_NUCLEO-F401RE\SDK_1.0.3_NUCLEO-F401RE\lib_stm\libLibraries.a(ucg_line.o)
 .debug_abbrev  0x00000000000024dd      0x148 C:\Users\Admin\Downloads\SDK_1.0.3_NUCLEO-F401RE\SDK_1.0.3_NUCLEO-F401RE\lib_stm\libLibraries.a(ucg_pixel.o)
 .debug_abbrev  0x0000000000002625       0x83 C:\Users\Admin\Downloads\SDK_1.0.3_NUCLEO-F401RE\SDK_1.0.3_NUCLEO-F401RE\lib_stm\libLibraries.a(ucg_pixel_font_data.o)
 .debug_abbrev  0x00000000000026a8      0x1a3 C:\Users\Admin\Downloads\SDK_1.0.3_NUCLEO-F401RE\SDK_1.0.3_NUCLEO-F401RE\lib_stm\libLibraries.a(ucg_rotate.o)
 .debug_abbrev  0x000000000000284b      0x12a C:\Users\Admin\Downloads\SDK_1.0.3_NUCLEO-F401RE\SDK_1.0.3_NUCLEO-F401RE\lib_stm\libLibraries.a(buff.o)
 .debug_abbrev  0x0000000000002975       0xce C:\Users\Admin\Downloads\SDK_1.0.3_NUCLEO-F401RE\SDK_1.0.3_NUCLEO-F401RE\lib_stm\libLibraries.a(utilities.o)
 .debug_abbrev  0x0000000000002a43      0x194 C:\Users\Admin\Downloads\SDK_1.0.3_NUCLEO-F401RE\SDK_1.0.3_NUCLEO-F401RE\lib_stm\libLibraries.a(stm32f401re_adc.o)
 .debug_abbrev  0x0000000000002bd7      0x16d C:\Users\Admin\Downloads\SDK_1.0.3_NUCLEO-F401RE\SDK_1.0.3_NUCLEO-F401RE\lib_stm\libLibraries.a(stm32f401re_dma.o)
 .debug_abbrev  0x0000000000002d44      0x1bf C:\Users\Admin\Downloads\SDK_1.0.3_NUCLEO-F401RE\SDK_1.0.3_NUCLEO-F401RE\lib_stm\libLibraries.a(stm32f401re_gpio.o)
 .debug_abbrev  0x0000000000002f03      0x196 C:\Users\Admin\Downloads\SDK_1.0.3_NUCLEO-F401RE\SDK_1.0.3_NUCLEO-F401RE\lib_stm\libLibraries.a(stm32f401re_i2c.o)
 .debug_abbrev  0x0000000000003099      0x1d4 C:\Users\Admin\Downloads\SDK_1.0.3_NUCLEO-F401RE\SDK_1.0.3_NUCLEO-F401RE\lib_stm\libLibraries.a(stm32f401re_rcc.o)
 .debug_abbrev  0x000000000000326d      0x19f C:\Users\Admin\Downloads\SDK_1.0.3_NUCLEO-F401RE\SDK_1.0.3_NUCLEO-F401RE\lib_stm\libLibraries.a(stm32f401re_tim.o)
 .debug_abbrev  0x000000000000340c      0x187 C:\Users\Admin\Downloads\SDK_1.0.3_NUCLEO-F401RE\SDK_1.0.3_NUCLEO-F401RE\lib_stm\libLibraries.a(stm32f401re_usart.o)
 .debug_abbrev  0x0000000000003593      0x220 C:\Users\Admin\Downloads\SDK_1.0.3_NUCLEO-F401RE\SDK_1.0.3_NUCLEO-F401RE\lib_stm\libLibraries.a(button.o)
 .debug_abbrev  0x00000000000037b3      0x173 C:\Users\Admin\Downloads\SDK_1.0.3_NUCLEO-F401RE\SDK_1.0.3_NUCLEO-F401RE\lib_stm\libLibraries.a(ucg_clip.o)
 .debug_abbrev  0x0000000000003926      0x1f2 C:\Users\Admin\Downloads\SDK_1.0.3_NUCLEO-F401RE\SDK_1.0.3_NUCLEO-F401RE\lib_stm\libLibraries.a(ucg_com_msg_api.o)

.debug_aranges  0x0000000000000000     0x13a8
 .debug_aranges
                0x0000000000000000       0x70 ./Src/main.o
 .debug_aranges
                0x0000000000000070       0x28 ./Startup/startup_stm32f401retx.o
 .debug_aranges
                0x0000000000000098       0x30 C:\Users\Admin\Downloads\SDK_1.0.3_NUCLEO-F401RE\SDK_1.0.3_NUCLEO-F401RE\lib_stm\libLibraries.a(system_stm32f4xx.o)
 .debug_aranges
                0x00000000000000c8       0x48 C:\Users\Admin\Downloads\SDK_1.0.3_NUCLEO-F401RE\SDK_1.0.3_NUCLEO-F401RE\lib_stm\libLibraries.a(eventbutton.o)
 .debug_aranges
                0x0000000000000110       0x60 C:\Users\Admin\Downloads\SDK_1.0.3_NUCLEO-F401RE\SDK_1.0.3_NUCLEO-F401RE\lib_stm\libLibraries.a(buzzer.o)
 .debug_aranges
                0x0000000000000170       0x18 C:\Users\Admin\Downloads\SDK_1.0.3_NUCLEO-F401RE\SDK_1.0.3_NUCLEO-F401RE\lib_stm\libLibraries.a(melody.o)
 .debug_aranges
                0x0000000000000188       0x78 C:\Users\Admin\Downloads\SDK_1.0.3_NUCLEO-F401RE\SDK_1.0.3_NUCLEO-F401RE\lib_stm\libLibraries.a(led.o)
 .debug_aranges
                0x0000000000000200       0x30 C:\Users\Admin\Downloads\SDK_1.0.3_NUCLEO-F401RE\SDK_1.0.3_NUCLEO-F401RE\lib_stm\libLibraries.a(eventman.o)
 .debug_aranges
                0x0000000000000230       0x70 C:\Users\Admin\Downloads\SDK_1.0.3_NUCLEO-F401RE\SDK_1.0.3_NUCLEO-F401RE\lib_stm\libLibraries.a(timer.o)
 .debug_aranges
                0x00000000000002a0       0x38 C:\Users\Admin\Downloads\SDK_1.0.3_NUCLEO-F401RE\SDK_1.0.3_NUCLEO-F401RE\lib_stm\libLibraries.a(lightsensor.o)
 .debug_aranges
                0x00000000000002d8       0xe8 C:\Users\Admin\Downloads\SDK_1.0.3_NUCLEO-F401RE\SDK_1.0.3_NUCLEO-F401RE\lib_stm\libLibraries.a(temhumsensor.o)
 .debug_aranges
                0x00000000000003c0       0x80 C:\Users\Admin\Downloads\SDK_1.0.3_NUCLEO-F401RE\SDK_1.0.3_NUCLEO-F401RE\lib_stm\libLibraries.a(serial.o)
 .debug_aranges
                0x0000000000000440       0x48 C:\Users\Admin\Downloads\SDK_1.0.3_NUCLEO-F401RE\SDK_1.0.3_NUCLEO-F401RE\lib_stm\libLibraries.a(Ucglib.o)
 .debug_aranges
                0x0000000000000488       0x48 C:\Users\Admin\Downloads\SDK_1.0.3_NUCLEO-F401RE\SDK_1.0.3_NUCLEO-F401RE\lib_stm\libLibraries.a(ucg_box.o)
 .debug_aranges
                0x00000000000004d0       0x30 C:\Users\Admin\Downloads\SDK_1.0.3_NUCLEO-F401RE\SDK_1.0.3_NUCLEO-F401RE\lib_stm\libLibraries.a(ucg_ccs.o)
 .debug_aranges
                0x0000000000000500       0x48 C:\Users\Admin\Downloads\SDK_1.0.3_NUCLEO-F401RE\SDK_1.0.3_NUCLEO-F401RE\lib_stm\libLibraries.a(ucg_dev_default_cb.o)
 .debug_aranges
                0x0000000000000548       0x40 C:\Users\Admin\Downloads\SDK_1.0.3_NUCLEO-F401RE\SDK_1.0.3_NUCLEO-F401RE\lib_stm\libLibraries.a(ucg_dev_ic_st7735.o)
 .debug_aranges
                0x0000000000000588       0x60 C:\Users\Admin\Downloads\SDK_1.0.3_NUCLEO-F401RE\SDK_1.0.3_NUCLEO-F401RE\lib_stm\libLibraries.a(ucg_dev_msg_api.o)
 .debug_aranges
                0x00000000000005e8       0x20 C:\Users\Admin\Downloads\SDK_1.0.3_NUCLEO-F401RE\SDK_1.0.3_NUCLEO-F401RE\lib_stm\libLibraries.a(ucg_dev_tft_128x128_st7735.o)
 .debug_aranges
                0x0000000000000608      0x168 C:\Users\Admin\Downloads\SDK_1.0.3_NUCLEO-F401RE\SDK_1.0.3_NUCLEO-F401RE\lib_stm\libLibraries.a(ucg_font.o)
 .debug_aranges